#
# There is insufficient memory for the Java Runtime Environment to continue.
# Native memory allocation (malloc) failed to allocate 1227792 bytes. Error detail: Chunk::new
# Possible reasons:
#   The system is out of physical RAM or swap space
#   This process is running with CompressedOops enabled, and the Java Heap may be blocking the growth of the native heap
# Possible solutions:
#   Reduce memory load on the system
#   Increase physical memory or swap space
#   Check if swap backing store is full
#   Decrease Java heap size (-Xmx/-Xms)
#   Decrease number of Java threads
#   Decrease Java thread stack sizes (-Xss)
#   Set larger code cache with -XX:ReservedCodeCacheSize=
#   JVM is running with Zero Based Compressed Oops mode in which the Java heap is
#     placed in the first 32GB address space. The Java Heap base address is the
#     maximum limit for the native heap growth. Please use -XX:HeapBaseMinAddress
#     to set the Java Heap base and to place the Java Heap above 32GB virtual address.
# This output file may be truncated or incomplete.
#
#  Out of Memory Error (arena.cpp:168), pid=22872, tid=9996
#
# JRE version: OpenJDK Runtime Environment JBR-21.0.6+8-872.80-nomod (21.0.6+8) (build 21.0.6+8-b872.80)
# Java VM: OpenJDK 64-Bit Server VM JBR-21.0.6+8-872.80-nomod (21.0.6+8-b872.80, mixed mode, tiered, compressed oops, compressed class ptrs, g1 gc, windows-amd64)
# No core dump will be written. Minidumps are not enabled by default on client versions of Windows
#

---------------  S U M M A R Y ------------

Command Line: -Djpackage.app-version=1.12.8 -XX:-IgnoreUnrecognizedVMOptions -XX:MaxRAM=20g -XX:MaxRAMPercentage=15.0 -Djava.security.manager=allow -Dorg.freeplane.userfpdir=%APPDATA%\Freeplane --add-exports=java.desktop/sun.awt=ALL-UNNAMED --add-exports=java.desktop/sun.awt.shell=ALL-UNNAMED --add-exports=java.desktop/com.sun.java.swing.plaf.windows=ALL-UNNAMED --add-exports=java.desktop/sun.swing=ALL-UNNAMED --add-opens=java.desktop/javax.swing.text.html=ALL-UNNAMED -Djpackage.app-path=C:\Program Files\Freeplane\freeplane.exe org.freeplane.launcher.Launcher

Host: Intel(R) Core(TM) i7-4770 CPU @ 3.40GHz, 8 cores, 31G,  Windows 11 , 64 bit Build 22621 (10.0.22621.5415)
Time: Sat Mar 21 22:05:46 2026 SA Western Standard Time elapsed time: 100062.040244 seconds (1d 3h 47m 42s)

---------------  T H R E A D  ---------------

Current thread (0x0000022cb1254d70):  JavaThread "C2 CompilerThread0" daemon [_thread_in_native, id=9996, stack(0x000000af0ef00000,0x000000af0f000000) (1024K)]


Current CompileTask:
C2:100062041 28405       4       javax.swing.text.html.HTMLDocument$HTMLReader::blockClose (166 bytes)

Stack: [0x000000af0ef00000,0x000000af0f000000]
Native frames: (J=compiled Java code, j=interpreted, Vv=VM code, C=native code)
V  [jvm.dll+0x6e5cb9]
V  [jvm.dll+0x8c4053]
V  [jvm.dll+0x8c65ae]
V  [jvm.dll+0x8c6c93]
V  [jvm.dll+0x288f76]
V  [jvm.dll+0xc66dd]
V  [jvm.dll+0xc6c13]
V  [jvm.dll+0x3c471b]
V  [jvm.dll+0x3902f7]
V  [jvm.dll+0x38f76a]
V  [jvm.dll+0x2507c2]
V  [jvm.dll+0x24fd91]
V  [jvm.dll+0x1cd6c4]
V  [jvm.dll+0x25f60c]
V  [jvm.dll+0x25db56]
V  [jvm.dll+0x3ff796]
V  [jvm.dll+0x86bc68]
V  [jvm.dll+0x6e44bd]
C  [ucrtbase.dll+0x29333]
C  [KERNEL32.DLL+0x1259d]
C  [ntdll.dll+0x5af78]


---------------  P R O C E S S  ---------------

Threads class SMR info:
_java_thread_list=0x0000022cbf183b10, length=29, elements={
0x0000022cb120d250, 0x0000022cb1233510, 0x0000022cb12447b0, 0x0000022cb12261c0,
0x0000022cb124ce20, 0x0000022cb1229960, 0x0000022cb1254d70, 0x0000022cb1257c10,
0x0000022cb1427220, 0x0000022cb1448280, 0x0000022cb18bb250, 0x0000022cb1ed9710,
0x0000022cb1d22450, 0x0000022cb1d444e0, 0x0000022cb1bb8db0, 0x0000022cb69fda90,
0x0000022cb69fc050, 0x0000022cb69faca0, 0x0000022cb69fe120, 0x0000022cb69fcd70,
0x0000022cbf7fcec0, 0x0000022cbf7fef90, 0x0000022cbf802aa0, 0x0000022cb69fc6e0,
0x0000022cbf803130, 0x0000022cb6315c00, 0x0000022cb6314e60, 0x0000022cbf801d80,
0x0000022cbf8044e0
}

Java Threads: ( => current thread )
  0x0000022cb120d250 JavaThread "Reference Handler"          daemon [_thread_blocked, id=25224, stack(0x000000af0e900000,0x000000af0ea00000) (1024K)]
  0x0000022cb1233510 JavaThread "Finalizer"                  daemon [_thread_blocked, id=19564, stack(0x000000af0ea00000,0x000000af0eb00000) (1024K)]
  0x0000022cb12447b0 JavaThread "Signal Dispatcher"          daemon [_thread_blocked, id=20804, stack(0x000000af0eb00000,0x000000af0ec00000) (1024K)]
  0x0000022cb12261c0 JavaThread "Attach Listener"            daemon [_thread_blocked, id=20284, stack(0x000000af0ec00000,0x000000af0ed00000) (1024K)]
  0x0000022cb124ce20 JavaThread "Service Thread"             daemon [_thread_blocked, id=13772, stack(0x000000af0ed00000,0x000000af0ee00000) (1024K)]
  0x0000022cb1229960 JavaThread "Monitor Deflation Thread"   daemon [_thread_blocked, id=11304, stack(0x000000af0ee00000,0x000000af0ef00000) (1024K)]
=>0x0000022cb1254d70 JavaThread "C2 CompilerThread0"         daemon [_thread_in_native, id=9996, stack(0x000000af0ef00000,0x000000af0f000000) (1024K)]
  0x0000022cb1257c10 JavaThread "C1 CompilerThread0"         daemon [_thread_blocked, id=26336, stack(0x000000af0f000000,0x000000af0f100000) (1024K)]
  0x0000022cb1427220 JavaThread "Common-Cleaner"             daemon [_thread_blocked, id=25940, stack(0x000000af0f100000,0x000000af0f200000) (1024K)]
  0x0000022cb1448280 JavaThread "Notification Thread"        daemon [_thread_blocked, id=24548, stack(0x000000af0f200000,0x000000af0f300000) (1024K)]
  0x0000022cb18bb250 JavaThread "startlevel job"                    [_thread_blocked, id=15184, stack(0x000000af0f400000,0x000000af0f500000) (1024K)]
  0x0000022cb1ed9710 JavaThread "Java2D Disposer"            daemon [_thread_blocked, id=26784, stack(0x000000af0f700000,0x000000af0f800000) (1024K)]
  0x0000022cb1d22450 JavaThread "AWT-Shutdown"                      [_thread_blocked, id=27468, stack(0x000000af0f800000,0x000000af0f900000) (1024K)]
  0x0000022cb1d444e0 JavaThread "AWT-Windows"                daemon [_thread_in_native, id=27092, stack(0x000000af0f900000,0x000000af0fa00000) (1024K)]
  0x0000022cb1bb8db0 JavaThread "AWT-EventQueue-0"                  [_thread_in_Java, id=11872, stack(0x000000af0fa00000,0x000000af0fb00000) (1024K)]
  0x0000022cb69fda90 JavaThread "DestroyJavaVM"                     [_thread_blocked, id=27512, stack(0x000000af0e100000,0x000000af0e200000) (1024K)]
  0x0000022cb69fc050 JavaThread "TimerQueue"                 daemon [_thread_blocked, id=13636, stack(0x000000af0f300000,0x000000af0f400000) (1024K)]
  0x0000022cb69faca0 JavaThread "SwingWorker-pool-2-thread-1" daemon [_thread_blocked, id=22740, stack(0x000000af0f500000,0x000000af0f600000) (1024K)]
  0x0000022cb69fe120 JavaThread "Thread-5"                   daemon [_thread_blocked, id=27964, stack(0x000000af10800000,0x000000af10900000) (1024K)]
  0x0000022cb69fcd70 JavaThread "Thread-6"                   daemon [_thread_blocked, id=10956, stack(0x000000af10900000,0x000000af10a00000) (1024K)]
  0x0000022cbf7fcec0 JavaThread "pool-1-thread-1"                   [_thread_blocked, id=23592, stack(0x000000af11100000,0x000000af11200000) (1024K)]
  0x0000022cbf7fef90 JavaThread "Batik CleanerThread"        daemon [_thread_blocked, id=9980, stack(0x000000af11200000,0x000000af11300000) (1024K)]
  0x0000022cbf802aa0 JavaThread "Timer-0"                           [_thread_blocked, id=26928, stack(0x000000af10500000,0x000000af10600000) (1024K)]
  0x0000022cb69fc6e0 JavaThread "Image Fetcher 2"            daemon [_thread_blocked, id=29444, stack(0x000000af10b00000,0x000000af10c00000) (1024K)]
  0x0000022cbf803130 JavaThread "Image Fetcher 0"            daemon [_thread_blocked, id=9416, stack(0x000000af0df00000,0x000000af0e000000) (1024K)]
  0x0000022cb6315c00 JavaThread "C2 CompilerThread1"         daemon [_thread_in_native, id=8704, stack(0x000000af0f600000,0x000000af0f700000) (1024K)]
  0x0000022cb6314e60 JavaThread "C2 CompilerThread2"         daemon [_thread_in_native, id=11664, stack(0x000000af10700000,0x000000af10800000) (1024K)]
  0x0000022cbf801d80 JavaThread "Image Fetcher 3"            daemon [_thread_blocked, id=8500, stack(0x000000af10a00000,0x000000af10b00000) (1024K)]
  0x0000022cbf8044e0 JavaThread "Image Animator 2"           daemon [_thread_blocked, id=20916, stack(0x000000af10c00000,0x000000af10d00000) (1024K)]
Total: 29

Other Threads:
  0x0000022cb106e560 VMThread "VM Thread"                           [id=23120, stack(0x000000af0e800000,0x000000af0e900000) (1024K)]
  0x0000022cb102b050 WatcherThread "VM Periodic Task Thread"        [id=28256, stack(0x000000af0e700000,0x000000af0e800000) (1024K)]
  0x0000022c93ee3dd0 WorkerThread "GC Thread#0"                     [id=23388, stack(0x000000af0e200000,0x000000af0e300000) (1024K)]
  0x0000022cb6778d10 WorkerThread "GC Thread#1"                     [id=25568, stack(0x000000af0fc00000,0x000000af0fd00000) (1024K)]
  0x0000022cb677a490 WorkerThread "GC Thread#2"                     [id=25784, stack(0x000000af0fd00000,0x000000af0fe00000) (1024K)]
  0x0000022cb677a830 WorkerThread "GC Thread#3"                     [id=16548, stack(0x000000af0fe00000,0x000000af0ff00000) (1024K)]
  0x0000022cb1e44ef0 WorkerThread "GC Thread#4"                     [id=20504, stack(0x000000af0ff00000,0x000000af10000000) (1024K)]
  0x0000022cb1c475f0 WorkerThread "GC Thread#5"                     [id=27368, stack(0x000000af10000000,0x000000af10100000) (1024K)]
  0x0000022cb1c47990 WorkerThread "GC Thread#6"                     [id=8916, stack(0x000000af10100000,0x000000af10200000) (1024K)]
  0x0000022cb1c47d30 WorkerThread "GC Thread#7"                     [id=23692, stack(0x000000af10200000,0x000000af10300000) (1024K)]
  0x0000022c93ef2710 ConcurrentGCThread "G1 Main Marker"            [id=26328, stack(0x000000af0e300000,0x000000af0e400000) (1024K)]
  0x0000022c93ef3df0 WorkerThread "G1 Conc#0"                       [id=23424, stack(0x000000af0e400000,0x000000af0e500000) (1024K)]
  0x0000022cb67bd5d0 WorkerThread "G1 Conc#1"                       [id=8200, stack(0x000000af10400000,0x000000af10500000) (1024K)]
  0x0000022c93f2e450 ConcurrentGCThread "G1 Refine#0"               [id=28236, stack(0x000000af0e500000,0x000000af0e600000) (1024K)]
  0x0000022cb0f00680 ConcurrentGCThread "G1 Service"                [id=4252, stack(0x000000af0e600000,0x000000af0e700000) (1024K)]
Total: 15

Threads with active compile tasks:
C2 CompilerThread0  100062112 28405       4       javax.swing.text.html.HTMLDocument$HTMLReader::blockClose (166 bytes)
C2 CompilerThread1  100062112 28397   !   4       javax.swing.text.html.HTMLDocument$HTMLReader::adjustEndElement (467 bytes)
C2 CompilerThread2  100062112 28385       4       javax.swing.text.html.HTMLDocument$HTMLReader::<init> (1543 bytes)
Total: 3

VM state: not at safepoint (normal execution)

VM Mutex/Monitor currently owned by a thread: None

Heap address: 0x0000000740000000, size: 3072 MB, Compressed Oops mode: Zero based, Oop shift amount: 3

CDS archive(s) not mapped
Compressed class space mapped at: 0x0000000800000000-0x0000000840000000, reserved size: 1073741824
Narrow klass base: 0x0000000800000000, Narrow klass shift: 0, Narrow klass range: 0x40000000

GC Precious Log:
 CardTable entry size: 512
 Card Set container configuration: InlinePtr #cards 4 size 8 Array Of Cards #cards 16 size 48 Howl #buckets 8 coarsen threshold 3686 Howl Bitmap #cards 512 size 80 coarsen threshold 460 Card regions per heap region 1 cards per card region 4096
 CPUs: 8 total, 8 available
 Memory: 32707M
 Large Page Support: Disabled
 NUMA Support: Disabled
 Compressed Oops: Enabled (Zero based)
 Heap Region Size: 2M
 Heap Min Capacity: 8M
 Heap Initial Capacity: 320M
 Heap Max Capacity: 3G
 Pre-touch: Disabled
 Parallel Workers: 8
 Concurrent Workers: 2
 Concurrent Refinement Workers: 8
 Periodic GC: Disabled

Heap:
 garbage-first heap   total 350208K, used 254219K [0x0000000740000000, 0x0000000800000000)
  region size 2048K, 32 young (65536K), 5 survivors (10240K)
 Metaspace       used 80965K, committed 81600K, reserved 1179648K
  class space    used 9886K, committed 10176K, reserved 1048576K

Heap Regions: E=young(eden), S=young(survivor), O=old, HS=humongous(starts), HC=humongous(continues), CS=collection set, F=free, TAMS=top-at-mark-start, PB=parsable bottom
|   0|0x0000000740000000, 0x0000000740200000, 0x0000000740200000|100%| O|  |TAMS 0x0000000740000000| PB 0x0000000740000000| Untracked 
|   1|0x0000000740200000, 0x0000000740400000, 0x0000000740400000|100%| O|  |TAMS 0x0000000740200000| PB 0x0000000740200000| Untracked 
|   2|0x0000000740400000, 0x0000000740600000, 0x0000000740600000|100%| O|  |TAMS 0x0000000740400000| PB 0x0000000740400000| Untracked 
|   3|0x0000000740600000, 0x0000000740800000, 0x0000000740800000|100%| O|  |TAMS 0x0000000740600000| PB 0x0000000740600000| Untracked 
|   4|0x0000000740800000, 0x0000000740a00000, 0x0000000740a00000|100%| O|  |TAMS 0x0000000740800000| PB 0x0000000740800000| Untracked 
|   5|0x0000000740a00000, 0x0000000740c00000, 0x0000000740c00000|100%| O|  |TAMS 0x0000000740a00000| PB 0x0000000740a00000| Untracked 
|   6|0x0000000740c00000, 0x0000000740e00000, 0x0000000740e00000|100%| O|  |TAMS 0x0000000740c00000| PB 0x0000000740c00000| Untracked 
|   7|0x0000000740e00000, 0x0000000741000000, 0x0000000741000000|100%| O|  |TAMS 0x0000000740e00000| PB 0x0000000740e00000| Untracked 
|   8|0x0000000741000000, 0x0000000741200000, 0x0000000741200000|100%| O|  |TAMS 0x0000000741000000| PB 0x0000000741000000| Untracked 
|   9|0x0000000741200000, 0x0000000741400000, 0x0000000741400000|100%| O|  |TAMS 0x0000000741200000| PB 0x0000000741200000| Untracked 
|  10|0x0000000741400000, 0x0000000741600000, 0x0000000741600000|100%| O|  |TAMS 0x0000000741400000| PB 0x0000000741400000| Untracked 
|  11|0x0000000741600000, 0x0000000741800000, 0x0000000741800000|100%| O|  |TAMS 0x0000000741600000| PB 0x0000000741600000| Untracked 
|  12|0x0000000741800000, 0x0000000741a00000, 0x0000000741a00000|100%| O|  |TAMS 0x0000000741800000| PB 0x0000000741800000| Untracked 
|  13|0x0000000741a00000, 0x0000000741c00000, 0x0000000741c00000|100%|HS|  |TAMS 0x0000000741a00000| PB 0x0000000741a00000| Complete 
|  14|0x0000000741c00000, 0x0000000741e00000, 0x0000000741e00000|100%|HC|  |TAMS 0x0000000741c00000| PB 0x0000000741c00000| Complete 
|  15|0x0000000741e00000, 0x0000000742000000, 0x0000000742000000|100%|HS|  |TAMS 0x0000000741e00000| PB 0x0000000741e00000| Complete 
|  16|0x0000000742000000, 0x0000000742200000, 0x0000000742200000|100%|HC|  |TAMS 0x0000000742000000| PB 0x0000000742000000| Complete 
|  17|0x0000000742200000, 0x0000000742400000, 0x0000000742400000|100%| O|  |TAMS 0x0000000742200000| PB 0x0000000742200000| Untracked 
|  18|0x0000000742400000, 0x0000000742600000, 0x0000000742600000|100%|HS|  |TAMS 0x0000000742400000| PB 0x0000000742400000| Complete 
|  19|0x0000000742600000, 0x0000000742800000, 0x0000000742800000|100%|HC|  |TAMS 0x0000000742600000| PB 0x0000000742600000| Complete 
|  20|0x0000000742800000, 0x0000000742a00000, 0x0000000742a00000|100%|HS|  |TAMS 0x0000000742800000| PB 0x0000000742800000| Complete 
|  21|0x0000000742a00000, 0x0000000742c00000, 0x0000000742c00000|100%|HC|  |TAMS 0x0000000742a00000| PB 0x0000000742a00000| Complete 
|  22|0x0000000742c00000, 0x0000000742e00000, 0x0000000742e00000|100%|HS|  |TAMS 0x0000000742c00000| PB 0x0000000742c00000| Complete 
|  23|0x0000000742e00000, 0x0000000743000000, 0x0000000743000000|100%|HC|  |TAMS 0x0000000742e00000| PB 0x0000000742e00000| Complete 
|  24|0x0000000743000000, 0x0000000743200000, 0x0000000743200000|100%|HS|  |TAMS 0x0000000743000000| PB 0x0000000743000000| Complete 
|  25|0x0000000743200000, 0x0000000743400000, 0x0000000743400000|100%|HC|  |TAMS 0x0000000743200000| PB 0x0000000743200000| Complete 
|  26|0x0000000743400000, 0x0000000743600000, 0x0000000743600000|100%|HS|  |TAMS 0x0000000743400000| PB 0x0000000743400000| Complete 
|  27|0x0000000743600000, 0x0000000743800000, 0x0000000743800000|100%|HC|  |TAMS 0x0000000743600000| PB 0x0000000743600000| Complete 
|  28|0x0000000743800000, 0x0000000743a00000, 0x0000000743a00000|100%| O|  |TAMS 0x0000000743800000| PB 0x0000000743800000| Untracked 
|  29|0x0000000743a00000, 0x0000000743c00000, 0x0000000743c00000|100%|HS|  |TAMS 0x0000000743a00000| PB 0x0000000743a00000| Complete 
|  30|0x0000000743c00000, 0x0000000743e00000, 0x0000000743e00000|100%|HC|  |TAMS 0x0000000743c00000| PB 0x0000000743c00000| Complete 
|  31|0x0000000743e00000, 0x0000000743e00000, 0x0000000744000000|  0%| F|  |TAMS 0x0000000743e00000| PB 0x0000000743e00000| Untracked 
|  32|0x0000000744000000, 0x0000000744200000, 0x0000000744200000|100%|HS|  |TAMS 0x0000000744000000| PB 0x0000000744000000| Complete 
|  33|0x0000000744200000, 0x0000000744400000, 0x0000000744400000|100%|HS|  |TAMS 0x0000000744200000| PB 0x0000000744200000| Complete 
|  34|0x0000000744400000, 0x0000000744600000, 0x0000000744600000|100%|HC|  |TAMS 0x0000000744400000| PB 0x0000000744400000| Complete 
|  35|0x0000000744600000, 0x0000000744800000, 0x0000000744800000|100%|HS|  |TAMS 0x0000000744600000| PB 0x0000000744600000| Complete 
|  36|0x0000000744800000, 0x0000000744a00000, 0x0000000744a00000|100%|HC|  |TAMS 0x0000000744800000| PB 0x0000000744800000| Complete 
|  37|0x0000000744a00000, 0x0000000744c00000, 0x0000000744c00000|100%|HS|  |TAMS 0x0000000744a00000| PB 0x0000000744a00000| Complete 
|  38|0x0000000744c00000, 0x0000000744e00000, 0x0000000744e00000|100%|HC|  |TAMS 0x0000000744c00000| PB 0x0000000744c00000| Complete 
|  39|0x0000000744e00000, 0x0000000745000000, 0x0000000745000000|100%|HS|  |TAMS 0x0000000744e00000| PB 0x0000000744e00000| Complete 
|  40|0x0000000745000000, 0x0000000745200000, 0x0000000745200000|100%|HC|  |TAMS 0x0000000745000000| PB 0x0000000745000000| Complete 
|  41|0x0000000745200000, 0x0000000745400000, 0x0000000745400000|100%|HS|  |TAMS 0x0000000745200000| PB 0x0000000745200000| Complete 
|  42|0x0000000745400000, 0x0000000745600000, 0x0000000745600000|100%|HC|  |TAMS 0x0000000745400000| PB 0x0000000745400000| Complete 
|  43|0x0000000745600000, 0x0000000745800000, 0x0000000745800000|100%|HS|  |TAMS 0x0000000745600000| PB 0x0000000745600000| Complete 
|  44|0x0000000745800000, 0x0000000745a00000, 0x0000000745a00000|100%|HC|  |TAMS 0x0000000745800000| PB 0x0000000745800000| Complete 
|  45|0x0000000745a00000, 0x0000000745c00000, 0x0000000745c00000|100%|HS|  |TAMS 0x0000000745a00000| PB 0x0000000745a00000| Complete 
|  46|0x0000000745c00000, 0x0000000745e00000, 0x0000000745e00000|100%|HC|  |TAMS 0x0000000745c00000| PB 0x0000000745c00000| Complete 
|  47|0x0000000745e00000, 0x0000000746000000, 0x0000000746000000|100%|HS|  |TAMS 0x0000000745e00000| PB 0x0000000745e00000| Complete 
|  48|0x0000000746000000, 0x0000000746200000, 0x0000000746200000|100%|HC|  |TAMS 0x0000000746000000| PB 0x0000000746000000| Complete 
|  49|0x0000000746200000, 0x0000000746400000, 0x0000000746400000|100%|HS|  |TAMS 0x0000000746200000| PB 0x0000000746200000| Complete 
|  50|0x0000000746400000, 0x0000000746600000, 0x0000000746600000|100%|HC|  |TAMS 0x0000000746400000| PB 0x0000000746400000| Complete 
|  51|0x0000000746600000, 0x0000000746800000, 0x0000000746800000|100%|HS|  |TAMS 0x0000000746600000| PB 0x0000000746600000| Complete 
|  52|0x0000000746800000, 0x0000000746a00000, 0x0000000746a00000|100%|HC|  |TAMS 0x0000000746800000| PB 0x0000000746800000| Complete 
|  53|0x0000000746a00000, 0x0000000746c00000, 0x0000000746c00000|100%|HS|  |TAMS 0x0000000746a00000| PB 0x0000000746a00000| Complete 
|  54|0x0000000746c00000, 0x0000000746e00000, 0x0000000746e00000|100%|HC|  |TAMS 0x0000000746c00000| PB 0x0000000746c00000| Complete 
|  55|0x0000000746e00000, 0x0000000747000000, 0x0000000747000000|100%|HS|  |TAMS 0x0000000746e00000| PB 0x0000000746e00000| Complete 
|  56|0x0000000747000000, 0x0000000747200000, 0x0000000747200000|100%|HC|  |TAMS 0x0000000747000000| PB 0x0000000747000000| Complete 
|  57|0x0000000747200000, 0x0000000747400000, 0x0000000747400000|100%|HS|  |TAMS 0x0000000747200000| PB 0x0000000747200000| Complete 
|  58|0x0000000747400000, 0x0000000747600000, 0x0000000747600000|100%|HC|  |TAMS 0x0000000747400000| PB 0x0000000747400000| Complete 
|  59|0x0000000747600000, 0x0000000747800000, 0x0000000747800000|100%| O|  |TAMS 0x0000000747600000| PB 0x0000000747600000| Untracked 
|  60|0x0000000747800000, 0x0000000747a00000, 0x0000000747a00000|100%| O|  |TAMS 0x0000000747800000| PB 0x0000000747800000| Untracked 
|  61|0x0000000747a00000, 0x0000000747c00000, 0x0000000747c00000|100%| O|  |TAMS 0x0000000747a00000| PB 0x0000000747a00000| Untracked 
|  62|0x0000000747c00000, 0x0000000747e00000, 0x0000000747e00000|100%| O|  |TAMS 0x0000000747c00000| PB 0x0000000747c00000| Untracked 
|  63|0x0000000747e00000, 0x0000000748000000, 0x0000000748000000|100%| O|  |TAMS 0x0000000747e00000| PB 0x0000000747e00000| Untracked 
|  64|0x0000000748000000, 0x0000000748200000, 0x0000000748200000|100%| O|  |TAMS 0x0000000748000000| PB 0x0000000748000000| Untracked 
|  65|0x0000000748200000, 0x0000000748400000, 0x0000000748400000|100%| O|  |TAMS 0x0000000748200000| PB 0x0000000748200000| Untracked 
|  66|0x0000000748400000, 0x0000000748600000, 0x0000000748600000|100%| O|  |TAMS 0x0000000748400000| PB 0x0000000748400000| Untracked 
|  67|0x0000000748600000, 0x0000000748800000, 0x0000000748800000|100%| O|  |TAMS 0x0000000748600000| PB 0x0000000748600000| Untracked 
|  68|0x0000000748800000, 0x0000000748a00000, 0x0000000748a00000|100%| O|  |TAMS 0x0000000748800000| PB 0x0000000748800000| Untracked 
|  69|0x0000000748a00000, 0x0000000748c00000, 0x0000000748c00000|100%| O|  |TAMS 0x0000000748a00000| PB 0x0000000748a00000| Untracked 
|  70|0x0000000748c00000, 0x0000000748e00000, 0x0000000748e00000|100%| O|  |TAMS 0x0000000748c00000| PB 0x0000000748c00000| Untracked 
|  71|0x0000000748e00000, 0x0000000749000000, 0x0000000749000000|100%| O|  |TAMS 0x0000000748e00000| PB 0x0000000748e00000| Untracked 
|  72|0x0000000749000000, 0x0000000749200000, 0x0000000749200000|100%| O|  |TAMS 0x0000000749000000| PB 0x0000000749000000| Untracked 
|  73|0x0000000749200000, 0x0000000749200000, 0x0000000749400000|  0%| F|  |TAMS 0x0000000749200000| PB 0x0000000749200000| Untracked 
|  74|0x0000000749400000, 0x0000000749600000, 0x0000000749600000|100%| O|  |TAMS 0x0000000749400000| PB 0x0000000749400000| Untracked 
|  75|0x0000000749600000, 0x0000000749800000, 0x0000000749800000|100%| O|  |TAMS 0x0000000749600000| PB 0x0000000749600000| Untracked 
|  76|0x0000000749800000, 0x0000000749a00000, 0x0000000749a00000|100%| O|  |TAMS 0x0000000749800000| PB 0x0000000749800000| Untracked 
|  77|0x0000000749a00000, 0x0000000749c00000, 0x0000000749c00000|100%| O|  |TAMS 0x0000000749a00000| PB 0x0000000749a00000| Untracked 
|  78|0x0000000749c00000, 0x0000000749e00000, 0x0000000749e00000|100%| O|  |TAMS 0x0000000749c00000| PB 0x0000000749c00000| Untracked 
|  79|0x0000000749e00000, 0x000000074a000000, 0x000000074a000000|100%|HS|  |TAMS 0x0000000749e00000| PB 0x0000000749e00000| Complete 
|  80|0x000000074a000000, 0x000000074a200000, 0x000000074a200000|100%|HC|  |TAMS 0x000000074a000000| PB 0x000000074a000000| Complete 
|  81|0x000000074a200000, 0x000000074a400000, 0x000000074a400000|100%|HC|  |TAMS 0x000000074a200000| PB 0x000000074a200000| Complete 
|  82|0x000000074a400000, 0x000000074a600000, 0x000000074a600000|100%|HC|  |TAMS 0x000000074a400000| PB 0x000000074a400000| Complete 
|  83|0x000000074a600000, 0x000000074a800000, 0x000000074a800000|100%|HC|  |TAMS 0x000000074a600000| PB 0x000000074a600000| Complete 
|  84|0x000000074a800000, 0x000000074aa00000, 0x000000074aa00000|100%| O|  |TAMS 0x000000074a800000| PB 0x000000074a800000| Untracked 
|  85|0x000000074aa00000, 0x000000074ac00000, 0x000000074ac00000|100%| O|  |TAMS 0x000000074aa00000| PB 0x000000074aa00000| Untracked 
|  86|0x000000074ac00000, 0x000000074ac00000, 0x000000074ae00000|  0%| F|  |TAMS 0x000000074ac00000| PB 0x000000074ac00000| Untracked 
|  87|0x000000074ae00000, 0x000000074b000000, 0x000000074b000000|100%| O|  |TAMS 0x000000074ae00000| PB 0x000000074ae00000| Untracked 
|  88|0x000000074b000000, 0x000000074b200000, 0x000000074b200000|100%| O|  |TAMS 0x000000074b000000| PB 0x000000074b000000| Untracked 
|  89|0x000000074b200000, 0x000000074b400000, 0x000000074b400000|100%| O|  |TAMS 0x000000074b200000| PB 0x000000074b200000| Untracked 
|  90|0x000000074b400000, 0x000000074b400000, 0x000000074b600000|  0%| F|  |TAMS 0x000000074b400000| PB 0x000000074b400000| Untracked 
|  91|0x000000074b600000, 0x000000074b600000, 0x000000074b800000|  0%| F|  |TAMS 0x000000074b600000| PB 0x000000074b600000| Untracked 
|  92|0x000000074b800000, 0x000000074b800000, 0x000000074ba00000|  0%| F|  |TAMS 0x000000074b800000| PB 0x000000074b800000| Untracked 
|  93|0x000000074ba00000, 0x000000074bc00000, 0x000000074bc00000|100%|HS|  |TAMS 0x000000074ba00000| PB 0x000000074ba00000| Complete 
|  94|0x000000074bc00000, 0x000000074be00000, 0x000000074be00000|100%|HC|  |TAMS 0x000000074bc00000| PB 0x000000074bc00000| Complete 
|  95|0x000000074be00000, 0x000000074c000000, 0x000000074c000000|100%|HC|  |TAMS 0x000000074be00000| PB 0x000000074be00000| Complete 
|  96|0x000000074c000000, 0x000000074c000000, 0x000000074c200000|  0%| F|  |TAMS 0x000000074c000000| PB 0x000000074c000000| Untracked 
|  97|0x000000074c200000, 0x000000074c200000, 0x000000074c400000|  0%| F|  |TAMS 0x000000074c200000| PB 0x000000074c200000| Untracked 
|  98|0x000000074c400000, 0x000000074c400000, 0x000000074c600000|  0%| F|  |TAMS 0x000000074c400000| PB 0x000000074c400000| Untracked 
|  99|0x000000074c600000, 0x000000074c600000, 0x000000074c800000|  0%| F|  |TAMS 0x000000074c600000| PB 0x000000074c600000| Untracked 
| 100|0x000000074c800000, 0x000000074c8d9a80, 0x000000074ca00000| 42%| S|CS|TAMS 0x000000074c800000| PB 0x000000074c800000| Complete 
| 101|0x000000074ca00000, 0x000000074cc00000, 0x000000074cc00000|100%| O|  |TAMS 0x000000074ca00000| PB 0x000000074ca00000| Untracked 
| 102|0x000000074cc00000, 0x000000074ce00000, 0x000000074ce00000|100%| O|  |TAMS 0x000000074cc00000| PB 0x000000074cc00000| Untracked 
| 103|0x000000074ce00000, 0x000000074d000000, 0x000000074d000000|100%| S|CS|TAMS 0x000000074ce00000| PB 0x000000074ce00000| Complete 
| 104|0x000000074d000000, 0x000000074d000000, 0x000000074d200000|  0%| F|  |TAMS 0x000000074d000000| PB 0x000000074d000000| Untracked 
| 105|0x000000074d200000, 0x000000074d200000, 0x000000074d400000|  0%| F|  |TAMS 0x000000074d200000| PB 0x000000074d200000| Untracked 
| 106|0x000000074d400000, 0x000000074d400000, 0x000000074d600000|  0%| F|  |TAMS 0x000000074d400000| PB 0x000000074d400000| Untracked 
| 107|0x000000074d600000, 0x000000074d800000, 0x000000074d800000|100%| S|CS|TAMS 0x000000074d600000| PB 0x000000074d600000| Complete 
| 108|0x000000074d800000, 0x000000074da00000, 0x000000074da00000|100%| S|CS|TAMS 0x000000074d800000| PB 0x000000074d800000| Complete 
| 109|0x000000074da00000, 0x000000074dc00000, 0x000000074dc00000|100%| S|CS|TAMS 0x000000074da00000| PB 0x000000074da00000| Complete 
| 110|0x000000074dc00000, 0x000000074dc00000, 0x000000074de00000|  0%| F|  |TAMS 0x000000074dc00000| PB 0x000000074dc00000| Untracked 
| 111|0x000000074de00000, 0x000000074de00000, 0x000000074e000000|  0%| F|  |TAMS 0x000000074de00000| PB 0x000000074de00000| Untracked 
| 112|0x000000074e000000, 0x000000074e000000, 0x000000074e200000|  0%| F|  |TAMS 0x000000074e000000| PB 0x000000074e000000| Untracked 
| 113|0x000000074e200000, 0x000000074e200000, 0x000000074e400000|  0%| F|  |TAMS 0x000000074e200000| PB 0x000000074e200000| Untracked 
| 114|0x000000074e400000, 0x000000074e400000, 0x000000074e600000|  0%| F|  |TAMS 0x000000074e400000| PB 0x000000074e400000| Untracked 
| 115|0x000000074e600000, 0x000000074e600000, 0x000000074e800000|  0%| F|  |TAMS 0x000000074e600000| PB 0x000000074e600000| Untracked 
| 116|0x000000074e800000, 0x000000074e800000, 0x000000074ea00000|  0%| F|  |TAMS 0x000000074e800000| PB 0x000000074e800000| Untracked 
| 117|0x000000074ea00000, 0x000000074ea00000, 0x000000074ec00000|  0%| F|  |TAMS 0x000000074ea00000| PB 0x000000074ea00000| Untracked 
| 118|0x000000074ec00000, 0x000000074ec00000, 0x000000074ee00000|  0%| F|  |TAMS 0x000000074ec00000| PB 0x000000074ec00000| Untracked 
| 119|0x000000074ee00000, 0x000000074ee00000, 0x000000074f000000|  0%| F|  |TAMS 0x000000074ee00000| PB 0x000000074ee00000| Untracked 
| 120|0x000000074f000000, 0x000000074f000000, 0x000000074f200000|  0%| F|  |TAMS 0x000000074f000000| PB 0x000000074f000000| Untracked 
| 121|0x000000074f200000, 0x000000074f200000, 0x000000074f400000|  0%| F|  |TAMS 0x000000074f200000| PB 0x000000074f200000| Untracked 
| 122|0x000000074f400000, 0x000000074f400000, 0x000000074f600000|  0%| F|  |TAMS 0x000000074f400000| PB 0x000000074f400000| Untracked 
| 123|0x000000074f600000, 0x000000074f600000, 0x000000074f800000|  0%| F|  |TAMS 0x000000074f600000| PB 0x000000074f600000| Untracked 
| 124|0x000000074f800000, 0x000000074f800000, 0x000000074fa00000|  0%| F|  |TAMS 0x000000074f800000| PB 0x000000074f800000| Untracked 
| 125|0x000000074fa00000, 0x000000074fa00000, 0x000000074fc00000|  0%| F|  |TAMS 0x000000074fa00000| PB 0x000000074fa00000| Untracked 
| 126|0x000000074fc00000, 0x000000074fc00000, 0x000000074fe00000|  0%| F|  |TAMS 0x000000074fc00000| PB 0x000000074fc00000| Untracked 
| 127|0x000000074fe00000, 0x000000074fe00000, 0x0000000750000000|  0%| F|  |TAMS 0x000000074fe00000| PB 0x000000074fe00000| Untracked 
| 128|0x0000000750000000, 0x0000000750000000, 0x0000000750200000|  0%| F|  |TAMS 0x0000000750000000| PB 0x0000000750000000| Untracked 
| 129|0x0000000750200000, 0x0000000750200000, 0x0000000750400000|  0%| F|  |TAMS 0x0000000750200000| PB 0x0000000750200000| Untracked 
| 130|0x0000000750400000, 0x0000000750400000, 0x0000000750600000|  0%| F|  |TAMS 0x0000000750400000| PB 0x0000000750400000| Untracked 
| 131|0x0000000750600000, 0x0000000750600000, 0x0000000750800000|  0%| F|  |TAMS 0x0000000750600000| PB 0x0000000750600000| Untracked 
| 132|0x0000000750800000, 0x0000000750800000, 0x0000000750a00000|  0%| F|  |TAMS 0x0000000750800000| PB 0x0000000750800000| Untracked 
| 133|0x0000000750a00000, 0x0000000750a00000, 0x0000000750c00000|  0%| F|  |TAMS 0x0000000750a00000| PB 0x0000000750a00000| Untracked 
| 134|0x0000000750c00000, 0x0000000750c00000, 0x0000000750e00000|  0%| F|  |TAMS 0x0000000750c00000| PB 0x0000000750c00000| Untracked 
| 135|0x0000000750e00000, 0x0000000750e00000, 0x0000000751000000|  0%| F|  |TAMS 0x0000000750e00000| PB 0x0000000750e00000| Untracked 
| 136|0x0000000751000000, 0x0000000751000000, 0x0000000751200000|  0%| F|  |TAMS 0x0000000751000000| PB 0x0000000751000000| Untracked 
| 137|0x0000000751200000, 0x0000000751200000, 0x0000000751400000|  0%| F|  |TAMS 0x0000000751200000| PB 0x0000000751200000| Untracked 
| 138|0x0000000751400000, 0x0000000751400000, 0x0000000751600000|  0%| F|  |TAMS 0x0000000751400000| PB 0x0000000751400000| Untracked 
| 139|0x0000000751600000, 0x0000000751600000, 0x0000000751800000|  0%| F|  |TAMS 0x0000000751600000| PB 0x0000000751600000| Untracked 
| 140|0x0000000751800000, 0x0000000751800000, 0x0000000751a00000|  0%| F|  |TAMS 0x0000000751800000| PB 0x0000000751800000| Untracked 
| 141|0x0000000751a00000, 0x0000000751b77bc0, 0x0000000751c00000| 73%| E|  |TAMS 0x0000000751a00000| PB 0x0000000751a00000| Complete 
| 142|0x0000000751c00000, 0x0000000751e00000, 0x0000000751e00000|100%| E|CS|TAMS 0x0000000751c00000| PB 0x0000000751c00000| Complete 
| 143|0x0000000751e00000, 0x0000000752000000, 0x0000000752000000|100%| E|CS|TAMS 0x0000000751e00000| PB 0x0000000751e00000| Complete 
| 144|0x0000000752000000, 0x0000000752200000, 0x0000000752200000|100%| E|CS|TAMS 0x0000000752000000| PB 0x0000000752000000| Complete 
| 145|0x0000000752200000, 0x0000000752400000, 0x0000000752400000|100%| E|CS|TAMS 0x0000000752200000| PB 0x0000000752200000| Complete 
| 146|0x0000000752400000, 0x0000000752600000, 0x0000000752600000|100%| E|CS|TAMS 0x0000000752400000| PB 0x0000000752400000| Complete 
| 147|0x0000000752600000, 0x0000000752800000, 0x0000000752800000|100%| E|CS|TAMS 0x0000000752600000| PB 0x0000000752600000| Complete 
| 148|0x0000000752800000, 0x0000000752a00000, 0x0000000752a00000|100%| E|CS|TAMS 0x0000000752800000| PB 0x0000000752800000| Complete 
| 149|0x0000000752a00000, 0x0000000752c00000, 0x0000000752c00000|100%| E|CS|TAMS 0x0000000752a00000| PB 0x0000000752a00000| Complete 
| 150|0x0000000752c00000, 0x0000000752e00000, 0x0000000752e00000|100%| E|CS|TAMS 0x0000000752c00000| PB 0x0000000752c00000| Complete 
| 151|0x0000000752e00000, 0x0000000753000000, 0x0000000753000000|100%| E|CS|TAMS 0x0000000752e00000| PB 0x0000000752e00000| Complete 
| 152|0x0000000753000000, 0x0000000753200000, 0x0000000753200000|100%| E|CS|TAMS 0x0000000753000000| PB 0x0000000753000000| Complete 
| 153|0x0000000753200000, 0x0000000753400000, 0x0000000753400000|100%| E|CS|TAMS 0x0000000753200000| PB 0x0000000753200000| Complete 
| 154|0x0000000753400000, 0x0000000753600000, 0x0000000753600000|100%| E|CS|TAMS 0x0000000753400000| PB 0x0000000753400000| Complete 
| 155|0x0000000753600000, 0x0000000753800000, 0x0000000753800000|100%| E|CS|TAMS 0x0000000753600000| PB 0x0000000753600000| Complete 
| 156|0x0000000753800000, 0x0000000753a00000, 0x0000000753a00000|100%| E|CS|TAMS 0x0000000753800000| PB 0x0000000753800000| Complete 
| 157|0x0000000753a00000, 0x0000000753c00000, 0x0000000753c00000|100%| E|CS|TAMS 0x0000000753a00000| PB 0x0000000753a00000| Complete 
| 158|0x0000000753c00000, 0x0000000753e00000, 0x0000000753e00000|100%| E|CS|TAMS 0x0000000753c00000| PB 0x0000000753c00000| Complete 
| 159|0x0000000753e00000, 0x0000000754000000, 0x0000000754000000|100%| E|CS|TAMS 0x0000000753e00000| PB 0x0000000753e00000| Complete 
| 160|0x0000000754000000, 0x0000000754200000, 0x0000000754200000|100%| E|  |TAMS 0x0000000754000000| PB 0x0000000754000000| Complete 
| 161|0x0000000754200000, 0x0000000754400000, 0x0000000754400000|100%| E|CS|TAMS 0x0000000754200000| PB 0x0000000754200000| Complete 
| 162|0x0000000754400000, 0x0000000754600000, 0x0000000754600000|100%| E|CS|TAMS 0x0000000754400000| PB 0x0000000754400000| Complete 
| 163|0x0000000754600000, 0x0000000754800000, 0x0000000754800000|100%| E|CS|TAMS 0x0000000754600000| PB 0x0000000754600000| Complete 
| 164|0x0000000754800000, 0x0000000754a00000, 0x0000000754a00000|100%| E|CS|TAMS 0x0000000754800000| PB 0x0000000754800000| Complete 
| 165|0x0000000754a00000, 0x0000000754c00000, 0x0000000754c00000|100%| E|CS|TAMS 0x0000000754a00000| PB 0x0000000754a00000| Complete 
|1531|0x00000007ff600000, 0x00000007ff7693b0, 0x00000007ff800000| 70%| O|  |TAMS 0x00000007ff600000| PB 0x00000007ff600000| Untracked 
|1532|0x00000007ff800000, 0x00000007ffa00000, 0x00000007ffa00000|100%| O|  |TAMS 0x00000007ff800000| PB 0x00000007ff800000| Untracked 
|1533|0x00000007ffa00000, 0x00000007ffc00000, 0x00000007ffc00000|100%| E|CS|TAMS 0x00000007ffa00000| PB 0x00000007ffa00000| Complete 
|1534|0x00000007ffc00000, 0x00000007ffe00000, 0x00000007ffe00000|100%| E|CS|TAMS 0x00000007ffc00000| PB 0x00000007ffc00000| Complete 
|1535|0x00000007ffe00000, 0x0000000800000000, 0x0000000800000000|100%| O|  |TAMS 0x00000007ffe00000| PB 0x00000007ffe00000| Untracked 

Card table byte_map: [0x0000022caaff0000,0x0000022cab5f0000] _byte_map_base: 0x0000022ca75f0000

Marking Bits: (CMBitMap*) 0x0000022c93ee44d0
 Bits: [0x0000022cab5f0000, 0x0000022cae5f0000)

Polling page: 0x0000022c93450000

Metaspace:

Usage:
  Non-class:     69.41 MB used.
      Class:      9.65 MB used.
       Both:     79.07 MB used.

Virtual space:
  Non-class space:      128.00 MB reserved,      69.75 MB ( 54%) committed,  2 nodes.
      Class space:        1.00 GB reserved,       9.94 MB ( <1%) committed,  1 nodes.
             Both:        1.12 GB reserved,      79.69 MB (  7%) committed. 

Chunk freelists:
   Non-Class:  9.92 MB
       Class:  6.03 MB
        Both:  15.95 MB

MaxMetaspaceSize: unlimited
CompressedClassSpaceSize: 1.00 GB
Initial GC threshold: 21.00 MB
Current GC threshold: 132.62 MB
CDS: off
 - commit_granule_bytes: 65536.
 - commit_granule_words: 8192.
 - virtual_space_node_default_size: 8388608.
 - enlarge_chunks_in_place: 1.
 - use_allocation_guard: 0.


Internal statistics:

num_allocs_failed_limit: 3.
num_arena_births: 670.
num_arena_deaths: 202.
num_vsnodes_births: 3.
num_vsnodes_deaths: 0.
num_space_committed: 1275.
num_space_uncommitted: 0.
num_chunks_returned_to_freelist: 241.
num_chunks_taken_from_freelist: 2612.
num_chunk_merges: 58.
num_chunk_splits: 1721.
num_chunks_enlarged: 1306.
num_inconsistent_stats: 0.

CodeHeap 'non-profiled nmethods': size=120000Kb used=7622Kb max_used=13061Kb free=112377Kb
 bounds [0x0000022ca3190000, 0x0000022ca3e60000, 0x0000022caa6c0000]
CodeHeap 'profiled nmethods': size=120000Kb used=5703Kb max_used=21793Kb free=114296Kb
 bounds [0x0000022c9b6c0000, 0x0000022c9cc10000, 0x0000022ca2bf0000]
CodeHeap 'non-nmethods': size=5760Kb used=2431Kb max_used=2545Kb free=3328Kb
 bounds [0x0000022ca2bf0000, 0x0000022ca2e80000, 0x0000022ca3190000]
 total_blobs=5764 nmethods=4666 adapters=998
 compilation: enabled
              stopped_count=0, restarted_count=0
 full_count=0

Compilation events (20 events):
Event: 100061.813 Thread 0x0000022cb1254d70 nmethod 28388 0x0000022ca3374710 code [0x0000022ca3374940, 0x0000022ca3375448]
Event: 100061.813 Thread 0x0000022cb1254d70 28398       4       java.util.regex.Pattern::createGroup (86 bytes)
Event: 100061.819 Thread 0x0000022cb1254d70 nmethod 28398 0x0000022ca3373d90 code [0x0000022ca3373f40, 0x0000022ca3374508]
Event: 100061.820 Thread 0x0000022cb1254d70 28396       4       javax.swing.text.html.parser.ParserDelegator::parse (17 bytes)
Event: 100061.839 Thread 0x0000022cb1254d70 nmethod 28396 0x0000022ca3372410 code [0x0000022ca3372680, 0x0000022ca33737e0]
Event: 100061.839 Thread 0x0000022cb1254d70 28399       4       java.util.regex.Pattern::compile (537 bytes)
Event: 100061.839 Thread 0x0000022cb1257c10 28401       3       com.formdev.flatlaf.ui.FlatScrollPaneUI$$Lambda/0x00000008002ee610::propertyChange (13 bytes)
Event: 100061.840 Thread 0x0000022cb1257c10 nmethod 28401 0x0000022c9cbebf10 code [0x0000022c9cbec0c0, 0x0000022c9cbec218]
Event: 100061.840 Thread 0x0000022cb1257c10 28402       3       com.formdev.flatlaf.ui.FlatScrollPaneUI::lambda$createPropertyChangeListener$2 (479 bytes)
Event: 100061.848 Thread 0x0000022cb1257c10 nmethod 28402 0x0000022c9b72e390 code [0x0000022c9b72e960, 0x0000022c9b731d00]
Event: 100061.917 Thread 0x0000022cb1254d70 nmethod 28399 0x0000022ca336f590 code [0x0000022ca336f8c0, 0x0000022ca33719e0]
Event: 100061.917 Thread 0x0000022cb1254d70 28407   !   4       java.util.regex.Pattern::RemoveQEQuoting (370 bytes)
Event: 100061.925 Thread 0x0000022cb1257c10 28412       1       sun.font.TrueTypeGlyphMapper::getNumGlyphs (5 bytes)
Event: 100061.925 Thread 0x0000022cb1257c10 nmethod 28412 0x0000022ca336f290 code [0x0000022ca336f420, 0x0000022ca336f4e8]
Event: 100061.935 Thread 0x0000022cb1254d70 nmethod 28407 0x0000022ca336dd10 code [0x0000022ca336df20, 0x0000022ca336eba8]
Event: 100061.935 Thread 0x0000022cb1254d70 28411   !   4       javax.swing.text.AbstractDocument::fireRemoveUpdate (69 bytes)
Event: 100061.939 Thread 0x0000022cb1254d70 nmethod 28411 0x0000022ca336d710 code [0x0000022ca336d8c0, 0x0000022ca336db68]
Event: 100061.940 Thread 0x0000022cb1254d70 28403       4       javax.swing.text.BoxView::getMaximumSpan (63 bytes)
Event: 100061.945 Thread 0x0000022cb1254d70 nmethod 28403 0x0000022ca336cf10 code [0x0000022ca336d0c0, 0x0000022ca336d4e0]
Event: 100061.945 Thread 0x0000022cb1254d70 28405       4       javax.swing.text.html.HTMLDocument$HTMLReader::blockClose (166 bytes)

GC Heap History (20 events):
Event: 83693.158 GC heap before
{Heap before GC invocations=17907 (full 0):
 garbage-first heap   total 346112K, used 323340K [0x0000000740000000, 0x0000000800000000)
  region size 2048K, 75 young (153600K), 1 survivors (2048K)
 Metaspace       used 80920K, committed 81600K, reserved 1179648K
  class space    used 9886K, committed 10176K, reserved 1048576K
}
Event: 83693.160 GC heap after
{Heap after GC invocations=17908 (full 0):
 garbage-first heap   total 346112K, used 171787K [0x0000000740000000, 0x0000000800000000)
  region size 2048K, 1 young (2048K), 1 survivors (2048K)
 Metaspace       used 80920K, committed 81600K, reserved 1179648K
  class space    used 9886K, committed 10176K, reserved 1048576K
}
Event: 83693.657 GC heap before
{Heap before GC invocations=17908 (full 0):
 garbage-first heap   total 346112K, used 323339K [0x0000000740000000, 0x0000000800000000)
  region size 2048K, 75 young (153600K), 1 survivors (2048K)
 Metaspace       used 80920K, committed 81600K, reserved 1179648K
  class space    used 9886K, committed 10176K, reserved 1048576K
}
Event: 83693.659 GC heap after
{Heap after GC invocations=17909 (full 0):
 garbage-first heap   total 346112K, used 171787K [0x0000000740000000, 0x0000000800000000)
  region size 2048K, 1 young (2048K), 1 survivors (2048K)
 Metaspace       used 80920K, committed 81600K, reserved 1179648K
  class space    used 9886K, committed 10176K, reserved 1048576K
}
Event: 83694.204 GC heap before
{Heap before GC invocations=17910 (full 0):
 garbage-first heap   total 346112K, used 323339K [0x0000000740000000, 0x0000000800000000)
  region size 2048K, 75 young (153600K), 1 survivors (2048K)
 Metaspace       used 80920K, committed 81600K, reserved 1179648K
  class space    used 9886K, committed 10176K, reserved 1048576K
}
Event: 83694.206 GC heap after
{Heap after GC invocations=17911 (full 0):
 garbage-first heap   total 346112K, used 171788K [0x0000000740000000, 0x0000000800000000)
  region size 2048K, 1 young (2048K), 1 survivors (2048K)
 Metaspace       used 80920K, committed 81600K, reserved 1179648K
  class space    used 9886K, committed 10176K, reserved 1048576K
}
Event: 83694.694 GC heap before
{Heap before GC invocations=17911 (full 0):
 garbage-first heap   total 346112K, used 323340K [0x0000000740000000, 0x0000000800000000)
  region size 2048K, 75 young (153600K), 1 survivors (2048K)
 Metaspace       used 80920K, committed 81600K, reserved 1179648K
  class space    used 9886K, committed 10176K, reserved 1048576K
}
Event: 83694.696 GC heap after
{Heap after GC invocations=17912 (full 0):
 garbage-first heap   total 346112K, used 171788K [0x0000000740000000, 0x0000000800000000)
  region size 2048K, 1 young (2048K), 1 survivors (2048K)
 Metaspace       used 80920K, committed 81600K, reserved 1179648K
  class space    used 9886K, committed 10176K, reserved 1048576K
}
Event: 83699.624 GC heap before
{Heap before GC invocations=17913 (full 0):
 garbage-first heap   total 346112K, used 321292K [0x0000000740000000, 0x0000000800000000)
  region size 2048K, 75 young (153600K), 1 survivors (2048K)
 Metaspace       used 80930K, committed 81600K, reserved 1179648K
  class space    used 9886K, committed 10176K, reserved 1048576K
}
Event: 83699.637 GC heap after
{Heap after GC invocations=17914 (full 0):
 garbage-first heap   total 348160K, used 193399K [0x0000000740000000, 0x0000000800000000)
  region size 2048K, 10 young (20480K), 10 survivors (20480K)
 Metaspace       used 80930K, committed 81600K, reserved 1179648K
  class space    used 9886K, committed 10176K, reserved 1048576K
}
Event: 83701.200 GC heap before
{Heap before GC invocations=17915 (full 0):
 garbage-first heap   total 348160K, used 318327K [0x0000000740000000, 0x0000000800000000)
  region size 2048K, 66 young (135168K), 10 survivors (20480K)
 Metaspace       used 80940K, committed 81600K, reserved 1179648K
  class space    used 9886K, committed 10176K, reserved 1048576K
}
Event: 83701.212 GC heap after
{Heap after GC invocations=17916 (full 0):
 garbage-first heap   total 348160K, used 206230K [0x0000000740000000, 0x0000000800000000)
  region size 2048K, 9 young (18432K), 9 survivors (18432K)
 Metaspace       used 80940K, committed 81600K, reserved 1179648K
  class space    used 9886K, committed 10176K, reserved 1048576K
}
Event: 85962.738 GC heap before
{Heap before GC invocations=17916 (full 0):
 garbage-first heap   total 348160K, used 325014K [0x0000000740000000, 0x0000000800000000)
  region size 2048K, 59 young (120832K), 9 survivors (18432K)
 Metaspace       used 80944K, committed 81600K, reserved 1179648K
  class space    used 9886K, committed 10176K, reserved 1048576K
}
Event: 85962.755 GC heap after
{Heap after GC invocations=17917 (full 0):
 garbage-first heap   total 350208K, used 223696K [0x0000000740000000, 0x0000000800000000)
  region size 2048K, 2 young (4096K), 2 survivors (4096K)
 Metaspace       used 80944K, committed 81600K, reserved 1179648K
  class space    used 9886K, committed 10176K, reserved 1048576K
}
Event: 88801.984 GC heap before
{Heap before GC invocations=17917 (full 0):
 garbage-first heap   total 350208K, used 324048K [0x0000000740000000, 0x0000000800000000)
  region size 2048K, 51 young (104448K), 2 survivors (4096K)
 Metaspace       used 80944K, committed 81600K, reserved 1179648K
  class space    used 9886K, committed 10176K, reserved 1048576K
}
Event: 88801.997 GC heap after
{Heap after GC invocations=17918 (full 0):
 garbage-first heap   total 350208K, used 212009K [0x0000000740000000, 0x0000000800000000)
  region size 2048K, 1 young (2048K), 1 survivors (2048K)
 Metaspace       used 80944K, committed 81600K, reserved 1179648K
  class space    used 9886K, committed 10176K, reserved 1048576K
}
Event: 98007.797 GC heap before
{Heap before GC invocations=17919 (full 0):
 garbage-first heap   total 350208K, used 320553K [0x0000000740000000, 0x0000000800000000)
  region size 2048K, 57 young (116736K), 1 survivors (2048K)
 Metaspace       used 80963K, committed 81600K, reserved 1179648K
  class space    used 9886K, committed 10176K, reserved 1048576K
}
Event: 98007.802 GC heap after
{Heap after GC invocations=17920 (full 0):
 garbage-first heap   total 350208K, used 210560K [0x0000000740000000, 0x0000000800000000)
  region size 2048K, 3 young (6144K), 3 survivors (6144K)
 Metaspace       used 80963K, committed 81600K, reserved 1179648K
  class space    used 9886K, committed 10176K, reserved 1048576K
}
Event: 100061.646 GC heap before
{Heap before GC invocations=17920 (full 0):
 garbage-first heap   total 350208K, used 321152K [0x0000000740000000, 0x0000000800000000)
  region size 2048K, 57 young (116736K), 3 survivors (6144K)
 Metaspace       used 80964K, committed 81600K, reserved 1179648K
  class space    used 9886K, committed 10176K, reserved 1048576K
}
Event: 100061.653 GC heap after
{Heap after GC invocations=17921 (full 0):
 garbage-first heap   total 350208K, used 203019K [0x0000000740000000, 0x0000000800000000)
  region size 2048K, 5 young (10240K), 5 survivors (10240K)
 Metaspace       used 80964K, committed 81600K, reserved 1179648K
  class space    used 9886K, committed 10176K, reserved 1048576K
}

Dll operation events (3 events):
Event: 0.111 Loaded shared library C:\Program Files\Freeplane\runtime\bin\java.dll
Event: 0.185 Loaded shared library C:\Program Files\Freeplane\runtime\bin\jsvml.dll
Event: 8.122 Loaded shared library C:\Program Files\Freeplane\runtime\bin\verify.dll

Deoptimization events (20 events):
Event: 95813.158 Thread 0x0000022cb1bb8db0 DEOPT PACKING pc=0x0000022c9c8fe1f6 sp=0x000000af0fafa780
Event: 95813.158 Thread 0x0000022cb1bb8db0 DEOPT UNPACKING pc=0x0000022ca2c44e42 sp=0x000000af0faf9b60 mode 0
Event: 95813.159 Thread 0x0000022cb1bb8db0 DEOPT PACKING pc=0x0000022c9c8fe1f6 sp=0x000000af0fafa780
Event: 95813.159 Thread 0x0000022cb1bb8db0 DEOPT UNPACKING pc=0x0000022ca2c44e42 sp=0x000000af0faf9b60 mode 0
Event: 95813.159 Thread 0x0000022cb1bb8db0 DEOPT PACKING pc=0x0000022c9c8fe1f6 sp=0x000000af0fafa780
Event: 95813.159 Thread 0x0000022cb1bb8db0 DEOPT UNPACKING pc=0x0000022ca2c44e42 sp=0x000000af0faf9b60 mode 0
Event: 95813.170 Thread 0x0000022cb1bb8db0 DEOPT PACKING pc=0x0000022c9c8fe3ca sp=0x000000af0faf9f40
Event: 95813.170 Thread 0x0000022cb1bb8db0 DEOPT UNPACKING pc=0x0000022ca2c44e42 sp=0x000000af0faf9320 mode 0
Event: 95813.187 Thread 0x0000022cb1bb8db0 DEOPT PACKING pc=0x0000022c9c8fe3ca sp=0x000000af0fafa960
Event: 95813.187 Thread 0x0000022cb1bb8db0 DEOPT UNPACKING pc=0x0000022ca2c44e42 sp=0x000000af0faf9d40 mode 0
Event: 100060.659 Thread 0x0000022cbf803130 DEOPT PACKING pc=0x0000022c9ca82a21 sp=0x000000af0dffeae0
Event: 100060.659 Thread 0x0000022cbf803130 DEOPT UNPACKING pc=0x0000022ca2c44e42 sp=0x000000af0dffdf90 mode 0
Event: 100061.653 Thread 0x0000022cb1bb8db0 Uncommon trap: trap_request=0xffffff45 fr.pc=0x0000022ca345f7a0 relative=0x0000000000000380
Event: 100061.654 Thread 0x0000022cb1bb8db0 Uncommon trap: reason=unstable_if action=reinterpret pc=0x0000022ca345f7a0 method=java.util.WeakHashMap.transfer([Ljava/util/WeakHashMap$Entry;[Ljava/util/WeakHashMap$Entry;)V @ 35 c2
Event: 100061.654 Thread 0x0000022cb1bb8db0 DEOPT PACKING pc=0x0000022ca345f7a0 sp=0x000000af0fafd320
Event: 100061.654 Thread 0x0000022cb1bb8db0 DEOPT UNPACKING pc=0x0000022ca2c446a2 sp=0x000000af0fafd2c8 mode 2
Event: 100061.654 Thread 0x0000022cb1bb8db0 Uncommon trap: trap_request=0xffffff45 fr.pc=0x0000022ca326ed60 relative=0x0000000000000860
Event: 100061.654 Thread 0x0000022cb1bb8db0 Uncommon trap: reason=unstable_if action=reinterpret pc=0x0000022ca326ed60 method=java.util.WeakHashMap.expungeStaleEntries()V @ 53 c2
Event: 100061.654 Thread 0x0000022cb1bb8db0 DEOPT PACKING pc=0x0000022ca326ed60 sp=0x000000af0fafd370
Event: 100061.654 Thread 0x0000022cb1bb8db0 DEOPT UNPACKING pc=0x0000022ca2c446a2 sp=0x000000af0fafd238 mode 2

Classes loaded (20 events):
Event: 75113.651 Loading class jdk/internal/misc/ExtendedMapMode
Event: 75113.651 Loading class jdk/internal/misc/ExtendedMapMode done
Event: 75113.652 Loading class sun/nio/ch/FileChannelImpl$DefaultUnmapper
Event: 75113.652 Loading class sun/nio/ch/FileChannelImpl$Unmapper
Event: 75113.652 Loading class jdk/internal/access/foreign/UnmapperProxy
Event: 75113.652 Loading class jdk/internal/access/foreign/UnmapperProxy done
Event: 75113.652 Loading class sun/nio/ch/FileChannelImpl$Unmapper done
Event: 75113.652 Loading class sun/nio/ch/FileChannelImpl$DefaultUnmapper done
Event: 75113.652 Loading class sun/nio/ch/Util$4
Event: 75113.653 Loading class sun/nio/ch/Util$4 done
Event: 75113.653 Loading class sun/invoke/util/ValueConversions$1
Event: 75113.654 Loading class sun/invoke/util/ValueConversions$1 done
Event: 75113.654 Loading class java/lang/invoke/BoundMethodHandle$Species_LI
Event: 75113.654 Loading class java/lang/invoke/BoundMethodHandle$Species_LI done
Event: 75113.654 Loading class java/lang/invoke/ClassSpecializer$Factory$1Var
Event: 75113.655 Loading class java/lang/invoke/ClassSpecializer$Factory$1Var done
Event: 78227.145 Loading class java/awt/Event
Event: 78227.146 Loading class java/awt/Event done
Event: 78227.232 Loading class javax/swing/SwingHeavyWeight
Event: 78227.232 Loading class javax/swing/SwingHeavyWeight done

Classes unloaded (20 events):
Event: 78229.700 Thread 0x0000022cb106e560 Unloading class 0x00000008009b2000 'java/lang/invoke/LambdaForm$MH+0x00000008009b2000'
Event: 78229.700 Thread 0x0000022cb106e560 Unloading class 0x00000008009b1c00 'java/lang/invoke/LambdaForm$MH+0x00000008009b1c00'
Event: 78229.700 Thread 0x0000022cb106e560 Unloading class 0x00000008009b1800 'java/lang/invoke/LambdaForm$MH+0x00000008009b1800'
Event: 78229.700 Thread 0x0000022cb106e560 Unloading class 0x00000008009b1000 'java/lang/invoke/LambdaForm$MH+0x00000008009b1000'
Event: 78229.700 Thread 0x0000022cb106e560 Unloading class 0x00000008009b0c00 'java/lang/invoke/LambdaForm$MH+0x00000008009b0c00'
Event: 78229.700 Thread 0x0000022cb106e560 Unloading class 0x00000008009b0800 'java/lang/invoke/LambdaForm$MH+0x00000008009b0800'
Event: 78229.700 Thread 0x0000022cb106e560 Unloading class 0x00000008009b0000 'java/lang/invoke/LambdaForm$MH+0x00000008009b0000'
Event: 78229.700 Thread 0x0000022cb106e560 Unloading class 0x00000008009a0c00 'java/lang/invoke/LambdaForm$MH+0x00000008009a0c00'
Event: 78229.700 Thread 0x0000022cb106e560 Unloading class 0x00000008009a0800 'java/lang/invoke/LambdaForm$MH+0x00000008009a0800'
Event: 78229.700 Thread 0x0000022cb106e560 Unloading class 0x00000008009a0400 'java/lang/invoke/LambdaForm$MH+0x00000008009a0400'
Event: 78229.700 Thread 0x0000022cb106e560 Unloading class 0x00000008009a0000 'java/lang/invoke/LambdaForm$MH+0x00000008009a0000'
Event: 78229.700 Thread 0x0000022cb106e560 Unloading class 0x0000000800991400 'java/lang/invoke/LambdaForm$MH+0x0000000800991400'
Event: 78229.700 Thread 0x0000022cb106e560 Unloading class 0x0000000800991000 'java/lang/invoke/LambdaForm$MH+0x0000000800991000'
Event: 78229.700 Thread 0x0000022cb106e560 Unloading class 0x0000000800990c00 'java/lang/invoke/LambdaForm$MH+0x0000000800990c00'
Event: 78229.700 Thread 0x0000022cb106e560 Unloading class 0x0000000800990400 'java/lang/invoke/LambdaForm$MH+0x0000000800990400'
Event: 78229.700 Thread 0x0000022cb106e560 Unloading class 0x0000000800990000 'java/lang/invoke/LambdaForm$MH+0x0000000800990000'
Event: 78229.700 Thread 0x0000022cb106e560 Unloading class 0x0000000800964800 'java/lang/invoke/LambdaForm$MH+0x0000000800964800'
Event: 78229.700 Thread 0x0000022cb106e560 Unloading class 0x0000000800964400 'java/lang/invoke/LambdaForm$MH+0x0000000800964400'
Event: 78229.700 Thread 0x0000022cb106e560 Unloading class 0x0000000800964000 'java/lang/invoke/LambdaForm$MH+0x0000000800964000'
Event: 78229.700 Thread 0x0000022cb106e560 Unloading class 0x0000000800944400 'java/lang/invoke/LambdaForm$MH+0x0000000800944400'

Classes redefined (0 events):
No events

Internal exceptions (20 events):
Event: 75103.809 Thread 0x0000022cb1bb8db0 Implicit null exception at 0x0000022ca31f8efa to 0x0000022ca31f90e8
Event: 75103.809 Thread 0x0000022cb1bb8db0 Implicit null exception at 0x0000022ca3270435 to 0x0000022ca3270534
Event: 75103.814 Thread 0x0000022cb1bb8db0 Implicit null exception at 0x0000022ca35427d5 to 0x0000022ca35444e8
Event: 75103.820 Thread 0x0000022cb1bb8db0 Implicit null exception at 0x0000022ca3ad3e7c to 0x0000022ca3ad3f08
Event: 75104.931 Thread 0x0000022cb1d444e0 Implicit null exception at 0x0000022ca31cf30c to 0x0000022ca31cf9a8
Event: 75104.931 Thread 0x0000022cb1d444e0 Implicit null exception at 0x0000022ca358bcda to 0x0000022ca358bda0
Event: 75105.003 Thread 0x0000022cb1bb8db0 Implicit null exception at 0x0000022ca3cb7b80 to 0x0000022ca3cb85bc
Event: 75113.654 Thread 0x0000022cb1bb8db0 Exception <a 'java/lang/NoSuchMethodError'{0x000000074dcca268}: 'int java.lang.invoke.DirectMethodHandle$Holder.invokeSpecial(java.lang.Object, java.lang.Object, java.lang.Object, int)'> (0x000000074dcca268) 
thrown [s\src\hotspot\share\interpreter\linkResolver.cpp, line 784]
Event: 75113.655 Thread 0x0000022cb1bb8db0 Exception <a 'java/lang/NoSuchMethodError'{0x000000074dcdbfe8}: 'java.lang.Object java.lang.invoke.DirectMethodHandle$Holder.invokeStatic(java.lang.Object, java.lang.Object, java.lang.Object, java.lang.Object, int)'> (0x000000074dcdbfe8) 
thrown [s\src\hotspot\share\interpreter\linkResolver.cpp, line 784]
Event: 75113.656 Thread 0x0000022cb1bb8db0 Exception <a 'java/lang/NoSuchMethodError'{0x000000074dce2ee0}: 'long java.lang.invoke.DirectMethodHandle$Holder.invokeStatic(java.lang.Object, java.lang.Object, int)'> (0x000000074dce2ee0) 
thrown [s\src\hotspot\share\interpreter\linkResolver.cpp, line 784]
Event: 75113.657 Thread 0x0000022cb1bb8db0 Exception <a 'java/lang/NoSuchMethodError'{0x000000074dced7a8}: 'java.lang.Object java.lang.invoke.DelegatingMethodHandle$Holder.reinvoke_L(java.lang.Object, int, long, java.lang.Object, java.lang.Object, int, java.lang.Object)'> (0x000000074dced7a8) 
thrown [s\src\hotspot\share\interpreter\linkResolver.cpp, line 784]
Event: 78226.603 Thread 0x0000022cb69fd400 Exception <a 'java/lang/InterruptedException'{0x000000074fa27168}: sleep interrupted> (0x000000074fa27168) 
thrown [s\src\hotspot\share\prims\jvm.cpp, line 3055]
Event: 78227.249 Thread 0x0000022cbf7ff620 Exception <a 'java/lang/InterruptedException'{0x0000000752a01be8}: sleep interrupted> (0x0000000752a01be8) 
thrown [s\src\hotspot\share\prims\jvm.cpp, line 3055]
Event: 78228.176 Thread 0x0000022cbf7ff620 Exception <a 'java/lang/InterruptedException'{0x000000074ff329c0}: sleep interrupted> (0x000000074ff329c0) 
thrown [s\src\hotspot\share\prims\jvm.cpp, line 3055]
Event: 78228.831 Thread 0x0000022cb69fb9c0 Exception <a 'java/lang/InterruptedException'{0x0000000751501be8}: sleep interrupted> (0x0000000751501be8) 
thrown [s\src\hotspot\share\prims\jvm.cpp, line 3055]
Event: 83698.978 Thread 0x0000022cbf8016f0 Exception <a 'java/lang/InterruptedException'{0x00000007513e0438}: sleep interrupted> (0x00000007513e0438) 
thrown [s\src\hotspot\share\prims\jvm.cpp, line 3055]
Event: 83699.227 Thread 0x0000022cb69fc6e0 Exception <a 'java/lang/InterruptedException'{0x000000074ec01f68}: sleep interrupted> (0x000000074ec01f68) 
thrown [s\src\hotspot\share\prims\jvm.cpp, line 3055]
Event: 83701.076 Thread 0x0000022cbf8016f0 Exception <a 'java/lang/InterruptedException'{0x0000000751d63200}: sleep interrupted> (0x0000000751d63200) 
thrown [s\src\hotspot\share\prims\jvm.cpp, line 3055]
Event: 83701.142 Thread 0x0000022cbf7ffcb0 Exception <a 'java/lang/InterruptedException'{0x00000007ffd17460}: sleep interrupted> (0x00000007ffd17460) 
thrown [s\src\hotspot\share\prims\jvm.cpp, line 3055]
Event: 100061.858 Thread 0x0000022cbf801d80 Exception <a 'java/lang/InterruptedException'{0x0000000753fb9a40}: sleep interrupted> (0x0000000753fb9a40) 
thrown [s\src\hotspot\share\prims\jvm.cpp, line 3055]

ZGC Phase Switch (0 events):
No events

VM Operations (20 events):
Event: 88802.131 Executing VM operation: G1PauseCleanup
Event: 88802.131 Executing VM operation: G1PauseCleanup done
Event: 95812.830 Executing VM operation: Cleanup
Event: 95812.831 Executing VM operation: Cleanup done
Event: 95813.835 Executing VM operation: Cleanup
Event: 95813.835 Executing VM operation: Cleanup done
Event: 95814.850 Executing VM operation: Cleanup
Event: 95814.850 Executing VM operation: Cleanup done
Event: 97159.737 Executing VM operation: Cleanup
Event: 97159.737 Executing VM operation: Cleanup done
Event: 98007.797 Executing VM operation: G1CollectForAllocation (G1 Evacuation Pause)
Event: 98007.802 Executing VM operation: G1CollectForAllocation (G1 Evacuation Pause) done
Event: 99509.945 Executing VM operation: Cleanup
Event: 99509.945 Executing VM operation: Cleanup done
Event: 100059.808 Executing VM operation: Cleanup
Event: 100059.808 Executing VM operation: Cleanup done
Event: 100060.821 Executing VM operation: Cleanup
Event: 100060.821 Executing VM operation: Cleanup done
Event: 100061.646 Executing VM operation: G1CollectForAllocation (G1 Evacuation Pause)
Event: 100061.653 Executing VM operation: G1CollectForAllocation (G1 Evacuation Pause) done

Memory protections (0 events):
No events

Nmethod flushes (20 events):
Event: 88802.108 Thread 0x0000022cb106e560 flushing  nmethod 0x0000022c9cb9d090
Event: 88802.108 Thread 0x0000022cb106e560 flushing  nmethod 0x0000022c9cb9db10
Event: 88802.108 Thread 0x0000022cb106e560 flushing  nmethod 0x0000022c9cb9e290
Event: 88802.108 Thread 0x0000022cb106e560 flushing  nmethod 0x0000022c9cb9ed10
Event: 88802.108 Thread 0x0000022cb106e560 flushing  nmethod 0x0000022c9cb9f210
Event: 88802.108 Thread 0x0000022cb106e560 flushing  nmethod 0x0000022c9cb9fa90
Event: 88802.108 Thread 0x0000022cb106e560 flushing  nmethod 0x0000022c9cbd3390
Event: 88802.108 Thread 0x0000022cb106e560 flushing  nmethod 0x0000022c9cbd3b10
Event: 88802.108 Thread 0x0000022cb106e560 flushing  nmethod 0x0000022c9cbd4610
Event: 88802.108 Thread 0x0000022cb106e560 flushing  nmethod 0x0000022c9cbd4a90
Event: 88802.108 Thread 0x0000022cb106e560 flushing  nmethod 0x0000022c9cbd4f90
Event: 88802.108 Thread 0x0000022cb106e560 flushing  nmethod 0x0000022c9cbd5a90
Event: 88802.108 Thread 0x0000022cb106e560 flushing  nmethod 0x0000022c9cbd6290
Event: 88802.108 Thread 0x0000022cb106e560 flushing  nmethod 0x0000022c9cbd6710
Event: 88802.108 Thread 0x0000022cb106e560 flushing  nmethod 0x0000022c9cbd6a90
Event: 88802.108 Thread 0x0000022cb106e560 flushing  nmethod 0x0000022c9cbd6f10
Event: 88802.108 Thread 0x0000022cb106e560 flushing  nmethod 0x0000022c9cbd7810
Event: 88802.108 Thread 0x0000022cb106e560 flushing  nmethod 0x0000022c9cbd7b90
Event: 88802.108 Thread 0x0000022cb106e560 flushing  nmethod 0x0000022c9cbd7f90
Event: 88802.108 Thread 0x0000022cb106e560 flushing  nmethod 0x0000022c9cbd8510

Events (20 events):
Event: 83696.005 Thread 0x0000022cb1257c10 Thread added: 0x0000022cb63140c0
Event: 83696.272 Thread 0x0000022cb1bb8db0 Thread added: 0x0000022cbf8016f0
Event: 83697.553 Thread 0x0000022cb1bb8db0 Thread added: 0x0000022cbf7ffcb0
Event: 83706.087 Thread 0x0000022cbf8016f0 Thread exited: 0x0000022cbf8016f0
Event: 83706.149 Thread 0x0000022cbf7ffcb0 Thread exited: 0x0000022cbf7ffcb0
Event: 83707.131 Thread 0x0000022cb63140c0 Thread exited: 0x0000022cb63140c0
Event: 83712.097 Thread 0x0000022cb6314e60 Thread exited: 0x0000022cb6314e60
Event: 95812.712 Thread 0x0000022cb1257c10 Thread added: 0x0000022cb6314e60
Event: 95812.712 Thread 0x0000022cb1257c10 Thread added: 0x0000022cb6315530
Event: 95813.808 Thread 0x0000022cb6315530 Thread exited: 0x0000022cb6315530
Event: 95813.927 Thread 0x0000022cb1257c10 Thread added: 0x0000022cb63140c0
Event: 95819.299 Thread 0x0000022cb63140c0 Thread exited: 0x0000022cb63140c0
Event: 95824.001 Thread 0x0000022cb6314e60 Thread exited: 0x0000022cb6314e60
Event: 99509.546 Thread 0x0000022cb1254d70 Thread added: 0x0000022cb6315c00
Event: 99515.106 Thread 0x0000022cb6315c00 Thread exited: 0x0000022cb6315c00
Event: 100060.377 Thread 0x0000022cb1bb8db0 Thread added: 0x0000022cbf803130
Event: 100060.824 Thread 0x0000022cb1257c10 Thread added: 0x0000022cb6315c00
Event: 100060.861 Thread 0x0000022cb1254d70 Thread added: 0x0000022cb6314e60
Event: 100060.878 Thread 0x0000022cb1bb8db0 Thread added: 0x0000022cbf801d80
Event: 100061.098 Thread 0x0000022cb1bb8db0 Thread added: 0x0000022cbf8044e0


Dynamic libraries:
0x00007ff6e2bf0000 - 0x00007ff6e2c6a000 	C:\Program Files\Freeplane\freeplane.exe
0x00007ffe42d70000 - 0x00007ffe42f88000 	C:\Windows\SYSTEM32\ntdll.dll
0x00007ffe41790000 - 0x00007ffe41854000 	C:\Windows\System32\KERNEL32.DLL
0x00007ffe40230000 - 0x00007ffe40603000 	C:\Windows\System32\KERNELBASE.dll
0x00007ffe41f70000 - 0x00007ffe42122000 	C:\Windows\System32\USER32.dll
0x00007ffe408a0000 - 0x00007ffe408c6000 	C:\Windows\System32\win32u.dll
0x00007ffe410f0000 - 0x00007ffe41119000 	C:\Windows\System32\GDI32.dll
0x00007ffe3fe80000 - 0x00007ffe3ff9b000 	C:\Windows\System32\gdi32full.dll
0x00007ffe40800000 - 0x00007ffe4089a000 	C:\Windows\System32\msvcp_win.dll
0x00007ffe40060000 - 0x00007ffe40171000 	C:\Windows\System32\ucrtbase.dll
0x00007ffe42210000 - 0x00007ffe42aac000 	C:\Windows\System32\SHELL32.dll
0x00007ffe408d0000 - 0x00007ffe40a0f000 	C:\Windows\System32\wintypes.dll
0x00007ffe41920000 - 0x00007ffe41cb1000 	C:\Windows\System32\combase.dll
0x00007ffe41e50000 - 0x00007ffe41f68000 	C:\Windows\System32\RPCRT4.dll
0x00007ffe41120000 - 0x00007ffe41151000 	C:\Windows\System32\IMM32.DLL
0x00007ffe21d50000 - 0x00007ffe21e42000 	C:\Program Files\Windhawk\Engine\1.6.1\64\windhawk.dll
0x00007ffe42c70000 - 0x00007ffe42d21000 	C:\Windows\System32\ADVAPI32.dll
0x00007ffe41670000 - 0x00007ffe41717000 	C:\Windows\System32\msvcrt.dll
0x00007ffe41040000 - 0x00007ffe410e8000 	C:\Windows\System32\sechost.dll
0x00007ffe40200000 - 0x00007ffe40228000 	C:\Windows\System32\bcrypt.dll
0x00007ffe40f30000 - 0x00007ffe41034000 	C:\Windows\System32\shcore.dll
0x00007ffe22f70000 - 0x00007ffe22f88000 	C:\Program Files\Freeplane\runtime\bin\jli.dll
0x00007ffe27ed0000 - 0x00007ffe2816c000 	C:\Windows\WinSxS\amd64_microsoft.windows.common-controls_6595b64144ccf1df_6.0.22621.6060_none_2712eda17382d24b\COMCTL32.dll
0x00007ffe1fb00000 - 0x00007ffe1fb1b000 	C:\Program Files\Freeplane\runtime\bin\VCRUNTIME140.dll
0x00007ffe33b30000 - 0x00007ffe33b3c000 	C:\Program Files\Freeplane\runtime\bin\vcruntime140_1.dll
0x00007ffe023e0000 - 0x00007ffe0246d000 	C:\Program Files\Freeplane\runtime\bin\msvcp140.dll
0x00007ffdd44f0000 - 0x00007ffdd52b1000 	C:\Program Files\Freeplane\runtime\bin\server\jvm.dll
0x00007ffe41ce0000 - 0x00007ffe41d51000 	C:\Windows\System32\WS2_32.dll
0x00007ffe3ef20000 - 0x00007ffe3ef6d000 	C:\Windows\SYSTEM32\POWRPROF.dll
0x00007ffe2ae00000 - 0x00007ffe2ae34000 	C:\Windows\SYSTEM32\WINMM.dll
0x00007ffe395a0000 - 0x00007ffe395aa000 	C:\Windows\SYSTEM32\VERSION.dll
0x00007ffe3ee80000 - 0x00007ffe3ee93000 	C:\Windows\SYSTEM32\UMPDC.dll
0x00007ffe3ef00000 - 0x00007ffe3ef18000 	C:\Windows\SYSTEM32\kernel.appcore.dll
0x00007ffe33980000 - 0x00007ffe3398a000 	C:\Program Files\Freeplane\runtime\bin\jimage.dll
0x00007ffe29750000 - 0x00007ffe29983000 	C:\Windows\SYSTEM32\DBGHELP.DLL
0x00007ffe41d60000 - 0x00007ffe41e38000 	C:\Windows\System32\OLEAUT32.dll
0x00007ffe291a0000 - 0x00007ffe291d2000 	C:\Windows\SYSTEM32\dbgcore.DLL
0x0000022c933d0000 - 0x0000022c9344b000 	C:\Windows\System32\bcryptPrimitives.dll
0x00007ffe1fa50000 - 0x00007ffe1fa70000 	C:\Program Files\Freeplane\runtime\bin\java.dll
0x00007ffe3dd80000 - 0x00007ffe3e69a000 	C:\Windows\SYSTEM32\windows.storage.dll
0x00007ffe41720000 - 0x00007ffe41789000 	C:\Windows\System32\shlwapi.dll
0x00007ffe3fdb0000 - 0x00007ffe3fdd5000 	C:\Windows\SYSTEM32\profapi.dll
0x00007ffdf4e40000 - 0x00007ffdf4f17000 	C:\Program Files\Freeplane\runtime\bin\jsvml.dll
0x00007ffe1fa40000 - 0x00007ffe1fa50000 	C:\Program Files\Freeplane\runtime\bin\net.dll
0x00007ffe39360000 - 0x00007ffe3948c000 	C:\Windows\SYSTEM32\WINHTTP.dll
0x00007ffe3f430000 - 0x00007ffe3f499000 	C:\Windows\system32\mswsock.dll
0x00007ffe1f9e0000 - 0x00007ffe1f9f6000 	C:\Program Files\Freeplane\runtime\bin\nio.dll
0x00007ffe1f9c0000 - 0x00007ffe1f9d8000 	C:\Program Files\Freeplane\runtime\bin\zip.dll
0x00007ffe1fa30000 - 0x00007ffe1fa39000 	C:\Program Files\Freeplane\runtime\bin\extnet.dll
0x00007ffdef9a0000 - 0x00007ffdefb38000 	C:\Program Files\Freeplane\runtime\bin\awt.dll
0x00007ffe3d8f0000 - 0x00007ffe3d91b000 	C:\Windows\SYSTEM32\dwmapi.dll
0x00007ffe1eff0000 - 0x00007ffe1f034000 	C:\Program Files\Freeplane\runtime\bin\nvdaControllerClient64.dll
0x00007ffe3d110000 - 0x00007ffe3d1a7000 	C:\Windows\SYSTEM32\apphelp.dll
0x00007ffe3d4c0000 - 0x00007ffe3d573000 	C:\Windows\system32\uxtheme.dll
0x00007ffe40a10000 - 0x00007ffe40b70000 	C:\Windows\System32\MSCTF.dll
0x00007ffe40d70000 - 0x00007ffe40f11000 	C:\Windows\System32\ole32.dll
0x00007ffdf4910000 - 0x00007ffdf4997000 	C:\Program Files\Freeplane\runtime\bin\freetype.dll
0x00007ffdef8c0000 - 0x00007ffdef99e000 	C:\Program Files\Freeplane\runtime\bin\fontmanager.dll
0x00007ffe3eca0000 - 0x00007ffe3ecb4000 	C:\Windows\system32\Wtsapi32.dll
0x00007ffe3ec30000 - 0x00007ffe3ec9c000 	C:\Windows\SYSTEM32\WINSTA.dll
0x00007ffd62750000 - 0x00007ffd62850000 	C:\Windows\system32\opengl32.dll
0x00007ffd65190000 - 0x00007ffd651bd000 	C:\Windows\SYSTEM32\GLU32.dll
0x00007ffe3d6b0000 - 0x00007ffe3d6e7000 	C:\Windows\SYSTEM32\dxcore.dll
0x00007ffe41870000 - 0x00007ffe41920000 	C:\Windows\System32\clbcatq.dll
0x00007ffe39210000 - 0x00007ffe3935a000 	C:\Windows\System32\AppXDeploymentClient.dll
0x00007ffd51ce0000 - 0x00007ffd54803000 	C:\Windows\System32\DriverStore\FileRepository\nv_dispi.inf_amd64_9777c5fc85d41633\nvoglv64.dll
0x00007ffe41180000 - 0x00007ffe415f4000 	C:\Windows\System32\SETUPAPI.dll
0x00007ffe3fb20000 - 0x00007ffe3fb32000 	C:\Windows\SYSTEM32\msasn1.dll
0x00007ffe38c00000 - 0x00007ffe38c32000 	C:\Windows\SYSTEM32\cryptnet.dll
0x00007ffe40690000 - 0x00007ffe407f8000 	C:\Windows\System32\CRYPT32.dll
0x00007ffe387a0000 - 0x00007ffe388fa000 	C:\Windows\SYSTEM32\drvstore.dll
0x00007ffe3fb40000 - 0x00007ffe3fb6c000 	C:\Windows\SYSTEM32\devobj.dll
0x00007ffe3fb70000 - 0x00007ffe3fbbe000 	C:\Windows\SYSTEM32\cfgmgr32.dll
0x00007ffe3f730000 - 0x00007ffe3f780000 	C:\Windows\SYSTEM32\wldp.dll
0x00007ffe3f680000 - 0x00007ffe3f68c000 	C:\Windows\SYSTEM32\cryptbase.dll
0x00007ffe40610000 - 0x00007ffe4068c000 	C:\Windows\System32\WINTRUST.dll
0x00007ffe3f060000 - 0x00007ffe3f094000 	C:\Windows\SYSTEM32\ntmarta.dll
0x00007ffe0f810000 - 0x00007ffe0fae0000 	C:\Windows\system32\nvspcap64.dll
0x00007ffe1f9b0000 - 0x00007ffe1f9b6000 	C:\Program Files\Freeplane\flatlaf-windows-x86_64.dll
0x00007ffe25dc0000 - 0x00007ffe25f7a000 	C:\Windows\WinSxS\amd64_microsoft.windows.gdiplus_6595b64144ccf1df_1.1.22621.6133_none_57fa9b2cce184d48\gdiplus.dll
0x00007ffe1f9a0000 - 0x00007ffe1f9a7000 	C:\Program Files\Freeplane\runtime\bin\jawt.dll
0x00007ffe3f690000 - 0x00007ffe3f6ab000 	C:\Windows\SYSTEM32\CRYPTSP.dll
0x00007ffe3ee40000 - 0x00007ffe3ee77000 	C:\Windows\system32\rsaenh.dll
0x00007ffe3f520000 - 0x00007ffe3f548000 	C:\Windows\SYSTEM32\USERENV.dll
0x00007ffe3e940000 - 0x00007ffe3e96d000 	C:\Windows\SYSTEM32\IPHLPAPI.DLL
0x00007ffe41e40000 - 0x00007ffe41e49000 	C:\Windows\System32\NSI.dll
0x00007ffe1f820000 - 0x00007ffe1f830000 	C:\Program Files\Freeplane\runtime\bin\verify.dll
0x00007ffe3d2e0000 - 0x00007ffe3d492000 	C:\Windows\SYSTEM32\WindowsCodecs.dll
0x00007ffe25a60000 - 0x00007ffe25abe000 	C:\Windows\system32\dataexchange.dll
0x00007ffe33670000 - 0x00007ffe33916000 	C:\Windows\system32\twinapi.appcore.dll
0x00007ffe21b30000 - 0x00007ffe21c75000 	C:\Windows\SYSTEM32\textinputframework.dll
0x00007ffe25d10000 - 0x00007ffe25d8a000 	C:\Windows\system32\Oleacc.dll
0x00007ffe00390000 - 0x00007ffe003db000 	C:\Windows\system32\ApplicationTargetedFeatureDatabase.dll
0x00007ffe1f7f0000 - 0x00007ffe1f81d000 	C:\Program Files\Freeplane\runtime\bin\javajpeg.dll
0x00007ffe1db10000 - 0x00007ffe1db50000 	C:\Program Files\Freeplane\runtime\bin\lcms.dll
0x00007ffe3cd10000 - 0x00007ffe3ce43000 	C:\Windows\SYSTEM32\CoreMessaging.dll
0x00007ffe37af0000 - 0x00007ffe37e5c000 	C:\Windows\SYSTEM32\CoreUIComponents.dll
0x00007ffe3e9c0000 - 0x00007ffe3eab8000 	C:\Windows\SYSTEM32\DNSAPI.dll
0x00007ffe38bf0000 - 0x00007ffe38bfa000 	C:\Windows\System32\rasadhlp.dll
0x00007ffe38630000 - 0x00007ffe386b4000 	C:\Windows\System32\fwpuclnt.dll
0x00007ffe22fb0000 - 0x00007ffe22fbe000 	C:\Program Files\Freeplane\runtime\bin\sunmscapi.dll
0x00007ffe3f820000 - 0x00007ffe3f84e000 	C:\Windows\SYSTEM32\ncrypt.dll
0x00007ffe3f7e0000 - 0x00007ffe3f817000 	C:\Windows\SYSTEM32\NTASN1.dll
0x00007ffe02360000 - 0x00007ffe023df000 	C:\Program Files\Freeplane\runtime\bin\mlib_image.dll
0x00007ffe3d080000 - 0x00007ffe3d089000 	C:\Program Files\Freeplane\runtime\bin\prefs.dll
0x00007ffe1ab60000 - 0x00007ffe1ab77000 	C:\Windows\SYSTEM32\wtdccm.dll
0x00007ffe21610000 - 0x00007ffe216d1000 	C:\Windows\SYSTEM32\TextShaping.dll

dbghelp: loaded successfully - version: 4.0.5 - missing functions: none
symbol engine: initialized successfully - sym options: 0x614 - pdb path: .;C:\Program Files\Freeplane;C:\Windows\SYSTEM32;C:\Program Files\Windhawk\Engine\1.6.1\64;C:\Program Files\Freeplane\runtime\bin;C:\Windows\WinSxS\amd64_microsoft.windows.common-controls_6595b64144ccf1df_6.0.22621.6060_none_2712eda17382d24b;C:\Program Files\Freeplane\runtime\bin\server;C:\Windows\System32\DriverStore\FileRepository\nv_dispi.inf_amd64_9777c5fc85d41633;C:\Windows\WinSxS\amd64_microsoft.windows.gdiplus_6595b64144ccf1df_1.1.22621.6133_none_57fa9b2cce184d48

VM Arguments:
jvm_args: -Djpackage.app-version=1.12.8 -XX:-IgnoreUnrecognizedVMOptions -XX:MaxRAM=20g -XX:MaxRAMPercentage=15.0 -Djava.security.manager=allow -Dorg.freeplane.userfpdir=%APPDATA%\Freeplane --add-exports=java.desktop/sun.awt=ALL-UNNAMED --add-exports=java.desktop/sun.awt.shell=ALL-UNNAMED --add-exports=java.desktop/com.sun.java.swing.plaf.windows=ALL-UNNAMED --add-exports=java.desktop/sun.swing=ALL-UNNAMED --add-opens=java.desktop/javax.swing.text.html=ALL-UNNAMED -Djpackage.app-path=C:\Program Files\Freeplane\freeplane.exe 
java_command: org.freeplane.launcher.Launcher
java_class_path (initial): C:\Program Files\Freeplane\app\..\freeplanelauncher.jar
Launcher Type: SUN_STANDARD

[Global flags]
     intx CICompilerCount                          = 4                                         {product} {ergonomic}
     uint ConcGCThreads                            = 2                                         {product} {ergonomic}
     uint G1ConcRefinementThreads                  = 8                                         {product} {ergonomic}
   size_t G1HeapRegionSize                         = 2097152                                   {product} {ergonomic}
    uintx GCDrainStackTargetSize                   = 64                                        {product} {ergonomic}
     bool IgnoreUnrecognizedVMOptions              = false                                     {product} {command line}
   size_t InitialHeapSize                          = 335544320                                 {product} {ergonomic}
   size_t MarkStackSize                            = 4194304                                   {product} {ergonomic}
   size_t MaxHeapSize                              = 3221225472                                {product} {ergonomic}
   size_t MaxNewSize                               = 1931476992                                {product} {ergonomic}
 uint64_t MaxRAM                                   = 21474836480                            {pd product} {command line}
   double MaxRAMPercentage                         = 15.000000                                 {product} {command line}
   size_t MinHeapDeltaBytes                        = 2097152                                   {product} {ergonomic}
   size_t MinHeapSize                              = 8388608                                   {product} {ergonomic}
    uintx NonNMethodCodeHeapSize                   = 5839372                                {pd product} {ergonomic}
    uintx NonProfiledCodeHeapSize                  = 122909434                              {pd product} {ergonomic}
    uintx ProfiledCodeHeapSize                     = 122909434                              {pd product} {ergonomic}
    uintx ReservedCodeCacheSize                    = 251658240                              {pd product} {ergonomic}
     bool SegmentedCodeCache                       = true                                      {product} {ergonomic}
   size_t SoftMaxHeapSize                          = 3221225472                             {manageable} {ergonomic}
     bool UseCompressedOops                        = true                           {product lp64_product} {ergonomic}
     bool UseG1GC                                  = true                                      {product} {ergonomic}
     bool UseLargePagesIndividualAllocation        = false                                  {pd product} {ergonomic}

Logging:
Log output configuration:
 #0: stdout all=warning uptime,level,tags foldmultilines=false
 #1: stderr all=off uptime,level,tags foldmultilines=false

Environment Variables:
JAVA_HOME=C:\Program Files\BellSoft\LibericaJDK-25-Full\
PATH=C:\Program Files\BellSoft\LibericaJDK-25-Full\bin\;C:\Program Files\ImageMagick;C:\Windows\system32;C:\Windows;C:\Windows\System32\Wbem;C:\Windows\System32\WindowsPowerShell\v1.0\;C:\Windows\System32\OpenSSH\;C:\Program Files\Calibre2\;C:\Program Files (x86)\NVIDIA Corporation\PhysX\Common;C:\Program Files\gs\gs10.03.1\bin;C:\Program Files\Git\cmd;C:\Program Files\NVIDIA Corporation\NVIDIA NvDLISR;C:\Program Files\PuTTY\;C:\Program Files\Microchip\xc32\v4.45\bin;C:\Program Files\Microchip\xc8\v2.50\bin;C:\Program Files\nodejs\;C:\Program Files\WiX Toolset v6.0\bin\;C:\Program Files\dotnet\;C:\Program Files\PowerShell\7-preview\preview;C:\Users\win\AppData\Local\Microsoft\WindowsApps;C:\Users\win\AppData\Local\Programs\Microsoft VS Code\bin;E:\apps\art2d\ffmpeg\bin;E:\apps\art2d\HandBrakeCLI;E:\apps\art2d\mkvtoolnix;D:\xampp\php;C:\Program Files\Tesseract-OCR;C:\Program Files\Inkscape\bin;C:\Users\win\.dotnet\tools;C:\Users\win\.deno\bin;E:\apps\gral\nircmd-x64;C:\Users\win\AppData\Roaming\npm;C:\Users\win\.dotnet\tools;C:\adbtools;C:\Program Files\7-Zip;C:\Users\win\AppData\Local\Python\bin;C:\Users\win\AppData\Local\Python\pythoncore-3.14-64\Scripts;;C:\Users\win\AppData\Local\Programs\Warp\bin;C:\Users\win\AppData\Local\Programs\Antigravity\bin;C:\Program Files\Freeplane\app
USERNAME=win
OS=Windows_NT
PROCESSOR_IDENTIFIER=Intel64 Family 6 Model 60 Stepping 3, GenuineIntel
TMP=C:\Users\win\AppData\Local\Temp
TEMP=C:\Users\win\AppData\Local\Temp




Periodic native trim disabled

JNI global refs:
JNI global refs: 153, weak refs: 208

JNI global refs memory usage: 2099, weak refs: 9745

Process memory usage:
Resident Set Size: 280608K (0% of 33492308K total physical memory with 5023140K free physical memory)

OOME stack traces (most recent first):
Classloader memory used:
Loader bootstrap                                                                       : 42802K
Loader org.knopflerfish.framework.BundleClassLoader                                    : 35726K
Loader jdk.internal.loader.ClassLoaders$AppClassLoader                                 : 1873K
Loader jdk.internal.loader.ClassLoaders$PlatformClassLoader                            : 558K
Loader sun.reflect.misc.MethodUtil                                                     : 4120B

Classes loaded by more than one classloader:
Class org.slf4j.helpers.Reporter                                                      : loaded 2 times (x 67B)
Class org.slf4j.helpers.Util                                                          : loaded 2 times (x 67B)
Class org.slf4j.helpers.BasicMDCAdapter$1                                             : loaded 2 times (x 82B)
Class org.slf4j.spi.MDCAdapter                                                        : loaded 2 times (x 66B)
Class [Lorg.slf4j.helpers.Reporter$Level;                                             : loaded 2 times (x 65B)
Class org.slf4j.ILoggerFactory                                                        : loaded 2 times (x 66B)
Class org.slf4j.helpers.ThreadLocalMapOfStacks                                        : loaded 2 times (x 72B)
Class org.slf4j.spi.SLF4JServiceProvider                                              : loaded 2 times (x 66B)
Class org.slf4j.helpers.Reporter$Level                                                : loaded 2 times (x 75B)
Class org.slf4j.helpers.Reporter$TargetChoice                                         : loaded 2 times (x 75B)
Class org.slf4j.Logger                                                                : loaded 2 times (x 66B)
Class org.slf4j.Marker                                                                : loaded 2 times (x 66B)
Class org.slf4j.event.LoggingEvent                                                    : loaded 2 times (x 66B)
Class org.slf4j.helpers.NOPMDCAdapter                                                 : loaded 2 times (x 89B)
Class org.slf4j.spi.LoggingEventBuilder                                               : loaded 2 times (x 66B)
Class org.slf4j.helpers.NOPLoggerFactory                                              : loaded 2 times (x 71B)
Class org.slf4j.helpers.SubstituteLoggerFactory                                       : loaded 2 times (x 77B)
Class [Lorg.slf4j.helpers.Reporter$TargetChoice;                                      : loaded 2 times (x 65B)
Class org.slf4j.LoggerFactory                                                         : loaded 2 times (x 67B)
Class org.slf4j.helpers.NamedLoggerBase                                               : loaded 2 times (x 209B)
Class org.slf4j.IMarkerFactory                                                        : loaded 2 times (x 66B)
Class org.slf4j.helpers.BasicMarkerFactory                                            : loaded 2 times (x 78B)
Class org.slf4j.helpers.NOPLogger                                                     : loaded 2 times (x 209B)
Class org.slf4j.helpers.NOP_FallbackServiceProvider                                   : loaded 2 times (x 80B)
Class org.slf4j.helpers.SubstituteServiceProvider                                     : loaded 2 times (x 81B)
Class org.slf4j.helpers.BasicMDCAdapter                                               : loaded 2 times (x 91B)

---------------  S Y S T E M  ---------------

OS:
 Windows 11 , 64 bit Build 22621 (10.0.22621.5415)
OS uptime: 1 days 13:27 hours

CPU: total 8 (initial active 8) (4 cores per cpu, 2 threads per core) family 6 model 60 stepping 3 microcode 0x28, cx8, cmov, fxsr, ht, mmx, sse, sse2, sse3, ssse3, sse4.1, sse4.2, popcnt, lzcnt, tsc, tscinvbit, avx, avx2, aes, erms, clmul, bmi1, bmi2, fma, vzeroupper, clflush, rdtscp, f16c
Processor Information for the first 8 processors :
  Max Mhz: 3401, Current Mhz: 3401, Mhz Limit: 3401

Memory: 4k page, system-wide physical 32707M (4890M free)
TotalPageFile size 89818M (AvailPageFile size 3M)
current process WorkingSet (physical memory assigned to process): 284M, peak: 522M
current process commit charge ("private bytes"): 646M, peak: 658M

vm_info: OpenJDK 64-Bit Server VM (21.0.6+8-b872.80) for windows-amd64 JRE (21.0.6+8-b872.80), built on 2025-01-31 by "builduser" with MS VC++ 16.10 / 16.11 (VS2019)

END.
